Component: ARM Compiler 5.05 update 1 (build 106) Tool: armlink [4d0efa]

==============================================================================

Section Cross References

    app.o(i.file_test) refers to _printf_percent.o(.ARM.Collect$$_printf_percent$$00000000) for _printf_percent
    app.o(i.file_test) refers to _printf_s.o(.ARM.Collect$$_printf_percent$$00000014) for _printf_s
    app.o(i.file_test) refers to _printf_str.o(.text) for _printf_str
    app.o(i.file_test) refers to noretval__2printf.o(.text) for __2printf
    app.o(i.file_test) refers to ff.o(i.f_opendir) for f_opendir
    app.o(i.file_test) refers to ff.o(i.f_open) for f_open
    app.o(i.file_test) refers to ff.o(i.f_read) for f_read
    app.o(i.file_test) refers to ff.o(i.f_close) for f_close
    app.o(i.file_test) refers to ff.o(i.f_readdir) for f_readdir
    app.o(i.file_test) refers to app.o(.constdata) for __FUNCTION__
    app.o(i.main) refers to _printf_percent.o(.ARM.Collect$$_printf_percent$$00000000) for _printf_percent
    app.o(i.main) refers to _printf_d.o(.ARM.Collect$$_printf_percent$$00000009) for _printf_d
    app.o(i.main) refers to _printf_dec.o(.text) for _printf_int_dec
    app.o(i.main) refers to delay.o(i.delay_init) for delay_init
    app.o(i.main) refers to usart.o(i.uart_init) for uart_init
    app.o(i.main) refers to noretval__2printf.o(.text) for __2printf
    app.o(i.main) refers to usbd_core.o(i.USBD_Init) for USBD_Init
    app.o(i.main) refers to delay.o(i.delay_ms) for delay_ms
    app.o(i.main) refers to keyboard_fun.o(i.keyboard_send_char) for keyboard_send_char
    app.o(i.main) refers to usbd_usr.o(.data) for USR_cb
    app.o(i.main) refers to usbd_msc_core.o(.data) for USBD_MSC_cb
    app.o(i.main) refers to usbd_desc.o(.data) for USR_desc
    app.o(i.main) refers to app.o(.bss) for USB_OTG_dev
    app.o(i.main) refers to app.o(.data) for Mass_is_ok
    stm32fxxx_it.o(i.OTG_HS_EP1_IN_IRQHandler) refers to usb_dcd_int.o(i.USBD_OTG_EP1IN_ISR_Handler) for USBD_OTG_EP1IN_ISR_Handler
    stm32fxxx_it.o(i.OTG_HS_EP1_IN_IRQHandler) refers to app.o(.bss) for USB_OTG_dev
    stm32fxxx_it.o(i.OTG_HS_EP1_OUT_IRQHandler) refers to usb_dcd_int.o(i.USBD_OTG_EP1OUT_ISR_Handler) for USBD_OTG_EP1OUT_ISR_Handler
    stm32fxxx_it.o(i.OTG_HS_EP1_OUT_IRQHandler) refers to app.o(.bss) for USB_OTG_dev
    stm32fxxx_it.o(i.OTG_HS_IRQHandler) refers to usb_dcd_int.o(i.USBD_OTG_ISR_Handler) for USBD_OTG_ISR_Handler
    stm32fxxx_it.o(i.OTG_HS_IRQHandler) refers to app.o(.bss) for USB_OTG_dev
    stm32fxxx_it.o(i.SDIO_IRQHandler) refers to stm324xg_eval_sdio_sd.o(i.SD_ProcessIRQSrc) for SD_ProcessIRQSrc
    system_stm32f4xx.o(i.SystemCoreClockUpdate) refers to system_stm32f4xx.o(.data) for SystemCoreClock
    system_stm32f4xx.o(i.SystemInit) refers to system_stm32f4xx.o(i.SetSysClock) for SetSysClock
    usb_bsp.o(i.USB_OTG_BSP_EnableInterrupt) refers to misc.o(i.NVIC_PriorityGroupConfig) for NVIC_PriorityGroupConfig
    usb_bsp.o(i.USB_OTG_BSP_EnableInterrupt) refers to misc.o(i.NVIC_Init) for NVIC_Init
    usb_bsp.o(i.USB_OTG_BSP_Init) refers to stm32f4xx_rcc.o(i.RCC_AHB1PeriphClockCmd) for RCC_AHB1PeriphClockCmd
    usb_bsp.o(i.USB_OTG_BSP_Init) refers to stm32f4xx_gpio.o(i.GPIO_PinAFConfig) for GPIO_PinAFConfig
    usb_bsp.o(i.USB_OTG_BSP_Init) refers to stm32f4xx_gpio.o(i.GPIO_Init) for GPIO_Init
    usb_bsp.o(i.USB_OTG_BSP_mDelay) refers to usb_bsp.o(i.USB_OTG_BSP_uDelay) for USB_OTG_BSP_uDelay
    usbd_desc.o(i.USBD_USR_ConfigStrDescriptor) refers to usbd_req.o(i.USBD_GetString) for USBD_GetString
    usbd_desc.o(i.USBD_USR_ConfigStrDescriptor) refers to usbd_req.o(.bss) for USBD_StrDesc
    usbd_desc.o(i.USBD_USR_DeviceDescriptor) refers to usbd_desc.o(.data) for USBD_DeviceDesc
    usbd_desc.o(i.USBD_USR_InterfaceStrDescriptor) refers to usbd_req.o(i.USBD_GetString) for USBD_GetString
    usbd_desc.o(i.USBD_USR_InterfaceStrDescriptor) refers to usbd_req.o(.bss) for USBD_StrDesc
    usbd_desc.o(i.USBD_USR_LangIDStrDescriptor) refers to usbd_desc.o(.data) for USBD_LangIDDesc
    usbd_desc.o(i.USBD_USR_ManufacturerStrDescriptor) refers to usbd_req.o(i.USBD_GetString) for USBD_GetString
    usbd_desc.o(i.USBD_USR_ManufacturerStrDescriptor) refers to usbd_req.o(.bss) for USBD_StrDesc
    usbd_desc.o(i.USBD_USR_ProductStrDescriptor) refers to usbd_req.o(i.USBD_GetString) for USBD_GetString
    usbd_desc.o(i.USBD_USR_ProductStrDescriptor) refers to usbd_req.o(.bss) for USBD_StrDesc
    usbd_desc.o(i.USBD_USR_SerialStrDescriptor) refers to usbd_req.o(i.USBD_GetString) for USBD_GetString
    usbd_desc.o(i.USBD_USR_SerialStrDescriptor) refers to usbd_req.o(.bss) for USBD_StrDesc
    usbd_desc.o(.data) refers to usbd_desc.o(i.USBD_USR_DeviceDescriptor) for USBD_USR_DeviceDescriptor
    usbd_desc.o(.data) refers to usbd_desc.o(i.USBD_USR_LangIDStrDescriptor) for USBD_USR_LangIDStrDescriptor
[...]
    i.USB_OTG_EnableDevInt                   0x08005940   Section        0  usb_core.o(i.USB_OTG_EnableDevInt)
    i.USB_OTG_EnableGlobalInt                0x080059da   Section        0  usb_core.o(i.USB_OTG_EnableGlobalInt)
    i.USB_OTG_FlushRxFifo                    0x080059fc   Section        0  usb_core.o(i.USB_OTG_FlushRxFifo)
    i.USB_OTG_FlushTxFifo                    0x08005a48   Section        0  usb_core.o(i.USB_OTG_FlushTxFifo)
    i.USB_OTG_GetDeviceSpeed                 0x08005a9c   Section        0  usb_core.o(i.USB_OTG_GetDeviceSpeed)
    i.USB_OTG_GetMode                        0x08005ad0   Section        0  usb_core.o(i.USB_OTG_GetMode)
    i.USB_OTG_InitDevSpeed                   0x08005adc   Section        0  usb_core.o(i.USB_OTG_InitDevSpeed)
    i.USB_OTG_IsDeviceMode                   0x08005af4   Section        0  usb_core.o(i.USB_OTG_IsDeviceMode)
    i.USB_OTG_ReadCoreItr                    0x08005b0a   Section        0  usb_core.o(i.USB_OTG_ReadCoreItr)
    i.USB_OTG_ReadDevAllInEPItr              0x08005b1a   Section        0  usb_core.o(i.USB_OTG_ReadDevAllInEPItr)
    i.USB_OTG_ReadDevAllOutEp_itr            0x08005b2a   Section        0  usb_core.o(i.USB_OTG_ReadDevAllOutEp_itr)
    i.USB_OTG_ReadDevOutEP_itr               0x08005b3a   Section        0  usb_core.o(i.USB_OTG_ReadDevOutEP_itr)
    i.USB_OTG_ReadPacket                     0x08005b4e   Section        0  usb_core.o(i.USB_OTG_ReadPacket)
    i.USB_OTG_SelectCore                     0x08005b78   Section        0  usb_core.o(i.USB_OTG_SelectCore)
    i.USB_OTG_SetCurrentMode                 0x08005c4c   Section        0  usb_core.o(i.USB_OTG_SetCurrentMode)
    i.USB_OTG_WritePacket                    0x08005c9a   Section        0  usb_core.o(i.USB_OTG_WritePacket)
    i.UsageFault_Handler                     0x08005cda   Section        0  stm32fxxx_it.o(i.UsageFault_Handler)
    i._is_digit                              0x08005cde   Section        0  __printf_wp.o(i._is_digit)
    i._sys_exit                              0x08005cec   Section        0  usart.o(i._sys_exit)
    i.delay_init                             0x08005cf0   Section        0  delay.o(i.delay_init)
    i.delay_ms                               0x08005d2c   Section        0  delay.o(i.delay_ms)
    i.delay_xms                              0x08005d64   Section        0  delay.o(i.delay_xms)
    i.fputc                                  0x08005db0   Section        0  usart.o(i.fputc)
    i.keyboard_send_char                     0x08005dcc   Section        0  keyboard_fun.o(i.keyboard_send_char)
    i.main                                   0x08006184   Section        0  app.o(i.main)
    i.uart_init                              0x08006220   Section        0  usart.o(i.uart_init)
    x$fpl$fpinit                             0x080062cc   Section       10  fpinit.o(x$fpl$fpinit)
    $v0                                      0x080062cc   Number         0  fpinit.o(x$fpl$fpinit)
    .constdata                               0x080062d6   Section       36  usbd_storage_msd.o(.constdata)
    .constdata                               0x080062fa   Section       23  usbd_msc_data.o(.constdata)
    .constdata                               0x08006311   Section       40  _printf_hex_int.o(.constdata)
    uc_hextab                                0x08006311   Data          20  _printf_hex_int.o(.constdata)
    lc_hextab                                0x08006325   Data          20  _printf_hex_int.o(.constdata)
    .constdata                               0x08006339   Section       17  __printf_flags_wp.o(.constdata)
    maptable                                 0x08006339   Data          17  __printf_flags_wp.o(.constdata)
    .data                                    0x20000000   Section        1  app.o(.data)
    .data                                    0x20000004   Section       64  usbd_desc.o(.data)
    .data                                    0x20000044   Section       41  usbd_storage_msd.o(.data)
    last_status                              0x2000006c   Data           1  usbd_storage_msd.o(.data)
    .data                                    0x20000070   Section       28  usbd_usr.o(.data)
    .data                                    0x2000008c   Section        4  delay.o(.data)
    fac_us                                   0x2000008c   Data           1  delay.o(.data)
    fac_ms                                   0x2000008e   Data           2  delay.o(.data)
    .data                                    0x20000090   Section        6  usart.o(.data)
    .data                                    0x20000098   Section        8  keyboard_fun.o(.data)
    buffer                                   0x20000098   Data           8  keyboard_fun.o(.data)
    .data                                    0x200000a0   Section       52  usbd_core.o(.data)
    .data                                    0x200000d4   Section       13  usbd_req.o(.data)
    cfgidx                                   0x200000e0   Data           1  usbd_req.o(.data)
    .data                                    0x200000e2   Section        4  usbd_msc_bot.o(.data)
    .data                                    0x200000e8   Section      253  usbd_msc_core.o(.data)
    USBD_HID_Protocol                        0x200000e8   Data           4  usbd_msc_core.o(.data)
    USBD_HID_IdleState                       0x200000ec   Data           4  usbd_msc_core.o(.data)
    HID_ReportDescriptor                     0x200000f0   Data          52  usbd_msc_core.o(.data)
    USBD_HID_Desc                            0x20000124   Data           9  usbd_msc_core.o(.data)
    USBD_MSC_MaxLun                          0x200001e0   Data           1  usbd_msc_core.o(.data)
    USBD_MSC_AltSet                          0x200001e4   Data           1  usbd_msc_core.o(.data)
    .data                                    0x200001e8   Section       32  usbd_msc_scsi.o(.data)
    .data                                    0x20000208   Section       24  stm324xg_eval_sdio_sd.o(.data)
    CardType                                 0x20000208   Data           4  stm324xg_eval_sdio_sd.o(.data)
    RCA                                      0x2000020c   Data           4  stm324xg_eval_sdio_sd.o(.data)
    .data                                    0x20000220   Section       16  stm32f4xx_rcc.o(.data)
    APBAHBPrescTable                         0x20000220   Data          16  stm32f4xx_rcc.o(.data)
    .bss                                     0x20000230   Section     1524  app.o(.bss)
    .bss                                     0x20000824   Section      200  usart.o(.bss)
    .bss                                     0x200008ec   Section       64  usbd_req.o(.bss)
    .bss                                     0x2000092c   Section    12336  usbd_msc_bot.o(.bss)
    .bss                                     0x2000395c   Section       32  usbd_msc_scsi.o(.bss)
    .bss                                     0x20003980   Section      204  stm324xg_eval_sdio_sd.o(.bss)
    CSD_Tab                                  0x20003980   Data          16  stm324xg_eval_sdio_sd.o(.bss)
    CID_Tab                                  0x20003990   Data          16  stm324xg_eval_sdio_sd.o(.bss)
    SDSTATUS_Tab                             0x200039a0   Data          16  stm324xg_eval_sdio_sd.o(.bss)
    .bss                                     0x20003a4c   Section       96  libspace.o(.bss)
    HEAP                                     0x20003ab0   Section      512  startup_stm32f4xx.o(HEAP)
    Heap_Mem                                 0x20003ab0   Data         512  startup_stm32f4xx.o(HEAP)
    STACK                                    0x20003cb0   Section     1024  startup_stm32f4xx.o(STACK)
    Stack_Mem                                0x20003cb0   Data        1024  startup_stm32f4xx.o(STACK)
    __initial_sp                             0x200040b0   Data           0  startup_stm32f4xx.o(STACK)

    Global Symbols

    Symbol Name                              Value     Ov Type        Size  Object(Section)

    BuildAttributes$$THM_ISAv4$E$P$D$K$B$S$7EM$VFPi3$EXTD16$VFPS$VFMA$PE$A:L22UL41UL21$X:L11$S22US41US21$IEEE1$IW$USESV6$~STKCKD$USESV7$~SHL$OSPACE$ROPI$EBA8$UX$STANDARDLIB$REQ8$PRES8$EABIv2 0x00000000   Number         0  anon$$obj.o ABSOLUTE
    __ARM_use_no_argv                        0x00000000   Number         0  app.o ABSOLUTE
    _printf_flags                            0x00000000   Number         0  printf_stubs.o ABSOLUTE
    _printf_return_value                     0x00000000   Number         0  printf_stubs.o ABSOLUTE
    _printf_sizespec                         0x00000000   Number         0  printf_stubs.o ABSOLUTE
    _printf_widthprec                        0x00000000   Number         0  printf_stubs.o ABSOLUTE
    __ARM_exceptions_init                     - Undefined Weak Reference
    __alloca_initialize                       - Undefined Weak Reference
    __arm_preinit_                            - Undefined Weak Reference
    __cpp_initialize__aeabi_                  - Undefined Weak Reference
    __cxa_finalize                            - Undefined Weak Reference
    __rt_locale                               - Undefined Weak Reference
    __sigvec_lookup                           - Undefined Weak Reference
    _atexit_init                              - Undefined Weak Reference
    _call_atexit_fns                          - Undefined Weak Reference
    _clock_init                               - Undefined Weak Reference
    _fp_trap_init                             - Undefined Weak Reference
    _fp_trap_shutdown                         - Undefined Weak Reference
    _get_lc_collate                           - Undefined Weak Reference
    _get_lc_ctype                             - Undefined Weak Reference
    _get_lc_monetary                          - Undefined Weak Reference
    _get_lc_numeric                           - Undefined Weak Reference
    _get_lc_time                              - Undefined Weak Reference
    _getenv_init                              - Undefined Weak Reference
    _handle_redirection                       - Undefined Weak Reference
    _init_alloc                               - Undefined Weak Reference
    _init_user_alloc                          - Undefined Weak Reference
    _initio                                   - Undefined Weak Reference
    _mutex_acquire                            - Undefined Weak Reference
    _mutex_release                            - Undefined Weak Reference
    _printf_mbtowc                            - Undefined Weak Reference
    _printf_truncate_signed                   - Undefined Weak Reference
    _printf_truncate_unsigned                 - Undefined Weak Reference
    _rand_init                                - Undefined Weak Reference
    _signal_finish                            - Undefined Weak Reference
    _signal_init                              - Undefined Weak Reference
    _terminate_alloc                          - Undefined Weak Reference
    _terminate_user_alloc                     - Undefined Weak Reference
    _terminateio                              - Undefined Weak Reference
    __Vectors_Size                           0x00000188   Number         0  startup_stm32f4xx.o ABSOLUTE
    __Vectors                                0x08000000   Data           4  startup_stm32f4xx.o(RESET)
    __Vectors_End                            0x08000188   Data           0  startup_stm32f4xx.o(RESET)
    __main                                   0x08000189   Thumb Code     8  __main.o(!!!main)
    __scatterload                            0x08000191   Thumb Code     0  __scatter.o(!!!scatter)
    __scatterload_rt2                        0x08000191   Thumb Code    44  __scatter.o(!!!scatter)
    __scatterload_rt2_thumb_only             0x08000191   Thumb Code     0  __scatter.o(!!!scatter)
    __scatterload_null                       0x0800019f   Thumb Code     0  __scatter.o(!!!scatter)
    __decompress                             0x080001c5   Thumb Code    90  __dczerorl2.o(!!dczerorl2)
    __decompress1                            0x080001c5   Thumb Code     0  __dczerorl2.o(!!dczerorl2)
    __scatterload_zeroinit                   0x08000221   Thumb Code    28  __scatter_zi.o(!!handler_zi)
    _printf_d                                0x0800023d   Thumb Code     0  _printf_d.o(.ARM.Collect$$_printf_percent$$00000009)
    _printf_percent                          0x0800023d   Thumb Code     0  _printf_percent.o(.ARM.Collect$$_printf_percent$$00000000)
    _printf_x                                0x08000243   Thumb Code     0  _printf_x.o(.ARM.Collect$$_printf_percent$$0000000C)
    _printf_percent_end                      0x08000249   Thumb Code     0  _printf_percent_end.o(.ARM.Collect$$_printf_percent$$00000017)
    __rt_lib_init                            0x0800024d   Thumb Code     0  libinit.o(.ARM.Collect$$libinit$$00000000)
    __rt_lib_init_fp_1                       0x0800024f   Thumb Code     0  libinit2.o(.ARM.Collect$$libinit$$00000001)
    __rt_lib_init_alloca_1                   0x08000253   Thumb Code     0  libinit2.o(.ARM.Collect$$libinit$$0000002E)
    __rt_lib_init_argv_1                     0x08000253   Thumb Code     0  libinit2.o(.ARM.Collect$$libinit$$0000002C)
    __rt_lib_init_atexit_1                   0x08000253   Thumb Code     0  libinit2.o(.ARM.Collect$$libinit$$0000001B)
    __rt_lib_init_clock_1                    0x08000253   Thumb Code     0  libinit2.o(.ARM.Collect$$libinit$$00000021)
    __rt_lib_init_cpp_1                      0x08000253   Thumb Code     0  libinit2.o(.ARM.Collect$$libinit$$00000032)
    __rt_lib_init_exceptions_1               0x08000253   Thumb Code     0  libinit2.o(.ARM.Collect$$libinit$$00000030)
    __rt_lib_init_fp_trap_1                  0x08000253   Thumb Code     0  libinit2.o(.ARM.Collect$$libinit$$0000001F)
    __rt_lib_init_getenv_1                   0x08000253   Thumb Code     0  libinit2.o(.ARM.Collect$$libinit$$00000023)
    __rt_lib_init_heap_1                     0x08000253   Thumb Code     0  libinit2.o(.ARM.Collect$$libinit$$0000000A)
    __rt_lib_init_lc_collate_1               0x08000253   Thumb Code     0  libinit2.o(.ARM.Collect$$libinit$$00000011)
    __rt_lib_init_lc_ctype_1                 0x08000253   Thumb Code     0  libinit2.o(.ARM.Collect$$libinit$$00000013)
    __rt_lib_init_lc_monetary_1              0x08000253   Thumb Code     0  libinit2.o(.ARM.Collect$$libinit$$00000015)
    __rt_lib_init_lc_numeric_1               0x08000253   Thumb Code     0  libinit2.o(.ARM.Collect$$libinit$$00000017)
    __rt_lib_init_lc_time_1                  0x08000253   Thumb Code     0  libinit2.o(.ARM.Collect$$libinit$$00000019)
    __rt_lib_init_preinit_1                  0x08000253   Thumb Code     0  libinit2.o(.ARM.Collect$$libinit$$00000004)
    __rt_lib_init_rand_1                     0x08000253   Thumb Code     0  libinit2.o(.ARM.Collect$$libinit$$0000000E)
    __rt_lib_init_return                     0x08000253   Thumb Code     0  libinit2.o(.ARM.Collect$$libinit$$00000033)
    __rt_lib_init_signal_1                   0x08000253   Thumb Code     0  libinit2.o(.ARM.Collect$$libinit$$0000001D)
    __rt_lib_init_stdio_1                    0x08000253   Thumb Code     0  libinit2.o(.ARM.Collect$$libinit$$00000025)
    __rt_lib_init_user_alloc_1               0x08000253   Thumb Code     0  libinit2.o(.ARM.Collect$$libinit$$0000000C)
    __rt_lib_shutdown                        0x08000255   Thumb Code     0  libshutdown.o(.ARM.Collect$$libshutdown$$00000000)
    __rt_lib_shutdown_fp_trap_1              0x08000257   Thumb Code     0  libshutdown2.o(.ARM.Collect$$libshutdown$$00000006)
    __rt_lib_shutdown_heap_1                 0x08000257   Thumb Code     0  libshutdown2.o(.ARM.Collect$$libshutdown$$0000000E)
    __rt_lib_shutdown_return                 0x08000257   Thumb Code     0  libshutdown2.o(.ARM.Collect$$libshutdown$$0000000F)
    __rt_lib_shutdown_signal_1               0x08000257   Thumb Code     0  libshutdown2.o(.ARM.Collect$$libshutdown$$00000009)
    __rt_lib_shutdown_stdio_1                0x08000257   Thumb Code     0  libshutdown2.o(.ARM.Collect$$libshutdown$$00000003)
    __rt_lib_shutdown_user_alloc_1           0x08000257   Thumb Code     0  libshutdown2.o(.ARM.Collect$$libshutdown$$0000000B)
    __rt_entry                               0x08000259   Thumb Code     0  __rtentry.o(.ARM.Collect$$rtentry$$00000000)
    __rt_entry_presh_1                       0x08000259   Thumb Code     0  __rtentry2.o(.ARM.Collect$$rtentry$$00000002)
    __rt_entry_sh                            0x08000259   Thumb Code     0  __rtentry4.o(.ARM.Collect$$rtentry$$00000004)
    __rt_entry_li                            0x0800025f   Thumb Code     0  __rtentry2.o(.ARM.Collect$$rtentry$$0000000A)
    __rt_entry_postsh_1                      0x0800025f   Thumb Code     0  __rtentry2.o(.ARM.Collect$$rtentry$$00000009)
    __rt_entry_main                          0x08000263   Thumb Code     0  __rtentry2.o(.ARM.Collect$$rtentry$$0000000D)
    __rt_entry_postli_1                      0x08000263   Thumb Code     0  __rtentry2.o(.ARM.Collect$$rtentry$$0000000C)
    __rt_exit                                0x0800026b   Thumb Code     0  rtexit.o(.ARM.Collect$$rtexit$$00000000)
    __rt_exit_ls                             0x0800026d   Thumb Code     0  rtexit2.o(.ARM.Collect$$rtexit$$00000003)
    __rt_exit_prels_1                        0x0800026d   Thumb Code     0  rtexit2.o(.ARM.Collect$$rtexit$$00000002)
    __rt_exit_exit                           0x08000271   Thumb Code     0  rtexit2.o(.ARM.Collect$$rtexit$$00000004)
    Reset_Handler                            0x08000279   Thumb Code     8  startup_stm32f4xx.o(.text)
    ADC_IRQHandler                           0x08000293   Thumb Code     0  startup_stm32f4xx.o(.text)
    CAN1_RX0_IRQHandler                      0x08000293   Thumb Code     0  startup_stm32f4xx.o(.text)
    CAN1_RX1_IRQHandler                      0x08000293   Thumb Code     0  startup_stm32f4xx.o(.text)
    CAN1_SCE_IRQHandler                      0x08000293   Thumb Code     0  startup_stm32f4xx.o(.text)
    CAN1_TX_IRQHandler                       0x08000293   Thumb Code     0  startup_stm32f4xx.o(.text)
    CAN2_RX0_IRQHandler                      0x08000293   Thumb Code     0  startup_stm32f4xx.o(.text)
    CAN2_RX1_IRQHandler                      0x08000293   Thumb Code     0  startup_stm32f4xx.o(.text)
    CAN2_SCE_IRQHandler                      0x08000293   Thumb Code     0  startup_stm32f4xx.o(.text)
    CAN2_TX_IRQHandler                       0x08000293   Thumb Code     0  startup_stm32f4xx.o(.text)
    CRYP_IRQHandler                          0x08000293   Thumb Code     0  startup_stm32f4xx.o(.text)
    DCMI_IRQHandler                          0x08000293   Thumb Code     0  startup_stm32f4xx.o(.text)
    DMA1_Stream0_IRQHandler                  0x08000293   Thumb Code     0  startup_stm32f4xx.o(.text)
    DMA1_Stream1_IRQHandler                  0x08000293   Thumb Code     0  startup_stm32f4xx.o(.text)
    DMA1_Stream2_IRQHandler                  0x08000293   Thumb Code     0  startup_stm32f4xx.o(.text)
    DMA1_Stream3_IRQHandler                  0x08000293   Thumb Code     0  startup_stm32f4xx.o(.text)
    DMA1_Stream4_IRQHandler                  0x08000293   Thumb Code     0  startup_stm32f4xx.o(.text)
    DMA1_Stream5_IRQHandler                  0x08000293   Thumb Code     0  startup_stm32f4xx.o(.text)
    DMA1_Stream6_IRQHandler                  0x08000293   Thumb Code     0  startup_stm32f4xx.o(.text)
    DMA1_Stream7_IRQHandler                  0x08000293   Thumb Code     0  startup_stm32f4xx.o(.text)
    DMA2_Stream0_IRQHandler                  0x08000293   Thumb Code     0  startup_stm32f4xx.o(.text)
    DMA2_Stream1_IRQHandler                  0x08000293   Thumb Code     0  startup_stm32f4xx.o(.text)
    DMA2_Stream2_IRQHandler                  0x08000293   Thumb Code     0  startup_stm32f4xx.o(.text)
    DMA2_Stream3_IRQHandler                  0x08000293   Thumb Code     0  startup_stm32f4xx.o(.text)
    DMA2_Stream4_IRQHandler                  0x08000293   Thumb Code     0  startup_stm32f4xx.o(.text)
    DMA2_Stream5_IRQHandler                  0x08000293   Thumb Code     0  startup_stm32f4xx.o(.text)
    DMA2_Stream6_IRQHandler                  0x08000293   Thumb Code     0  startup_stm32f4xx.o(.text)
    DMA2_Stream7_IRQHandler                  0x08000293   Thumb Code     0  startup_stm32f4xx.o(.text)
    ETH_IRQHandler                           0x08000293   Thumb Code     0  startup_stm32f4xx.o(.text)
    ETH_WKUP_IRQHandler                      0x08000293   Thumb Code     0  startup_stm32f4xx.o(.text)
    EXTI0_IRQHandler                         0x08000293   Thumb Code     0  startup_stm32f4xx.o(.text)
    EXTI15_10_IRQHandler                     0x08000293   Thumb Code     0  startup_stm32f4xx.o(.text)
    EXTI1_IRQHandler                         0x08000293   Thumb Code     0  startup_stm32f4xx.o(.text)
    EXTI2_IRQHandler                         0x08000293   Thumb Code     0  startup_stm32f4xx.o(.text)
    EXTI3_IRQHandler                         0x08000293   Thumb Code     0  startup_stm32f4xx.o(.text)
    EXTI4_IRQHandler                         0x08000293   Thumb Code     0  startup_stm32f4xx.o(.text)
    EXTI9_5_IRQHandler                       0x08000293   Thumb Code     0  startup_stm32f4xx.o(.text)
    FLASH_IRQHandler                         0x08000293   Thumb Code     0  startup_stm32f4xx.o(.text)
    FPU_IRQHandler                           0x08000293   Thumb Code     0  startup_stm32f4xx.o(.text)
    FSMC_IRQHandler                          0x08000293   Thumb Code     0  startup_stm32f4xx.o(.text)
    HASH_RNG_IRQHandler                      0x08000293   Thumb Code     0  startup_stm32f4xx.o(.text)
    I2C1_ER_IRQHandler                       0x08000293   Thumb Code     0  startup_stm32f4xx.o(.text)
    I2C1_EV_IRQHandler                       0x08000293   Thumb Code     0  startup_stm32f4xx.o(.text)
    I2C2_ER_IRQHandler                       0x08000293   Thumb Code     0  startup_stm32f4xx.o(.text)
    I2C2_EV_IRQHandler                       0x08000293   Thumb Code     0  startup_stm32f4xx.o(.text)
    I2C3_ER_IRQHandler                       0x08000293   Thumb Code     0  startup_stm32f4xx.o(.text)
    I2C3_EV_IRQHandler                       0x08000293   Thumb Code     0  startup_stm32f4xx.o(.text)
    OTG_FS_IRQHandler                        0x08000293   Thumb Code     0  startup_stm32f4xx.o(.text)
    OTG_FS_WKUP_IRQHandler                   0x08000293   Thumb Code     0  startup_stm32f4xx.o(.text)
    OTG_HS_WKUP_IRQHandler                   0x08000293   Thumb Code     0  startup_stm32f4xx.o(.text)
    PVD_IRQHandler                           0x08000293   Thumb Code     0  startup_stm32f4xx.o(.text)
    RCC_IRQHandler                           0x08000293   Thumb Code     0  startup_stm32f4xx.o(.text)
    RTC_Alarm_IRQHandler                     0x08000293   Thumb Code     0  startup_stm32f4xx.o(.text)
    RTC_WKUP_IRQHandler                      0x08000293   Thumb Code     0  startup_stm32f4xx.o(.text)
    SPI1_IRQHandler                          0x08000293   Thumb Code     0  startup_stm32f4xx.o(.text)
    SPI2_IRQHandler                          0x08000293   Thumb Code     0  startup_stm32f4xx.o(.text)
    SPI3_IRQHandler                          0x08000293   Thumb Code     0  startup_stm32f4xx.o(.text)
    TAMP_STAMP_IRQHandler                    0x08000293   Thumb Code     0  startup_stm32f4xx.o(.text)
    TIM1_BRK_TIM9_IRQHandler                 0x08000293   Thumb Code     0  startup_stm32f4xx.o(.text)
    TIM1_CC_IRQHandler                       0x08000293   Thumb Code     0  startup_stm32f4xx.o(.text)
    TIM1_TRG_COM_TIM11_IRQHandler            0x08000293   Thumb Code     0  startup_stm32f4xx.o(.text)
    TIM1_UP_TIM10_IRQHandler                 0x08000293   Thumb Code     0  startup_stm32f4xx.o(.text)
    TIM2_IRQHandler                          0x08000293   Thumb Code     0  startup_stm32f4xx.o(.text)
    TIM3_IRQHandler                          0x08000293   Thumb Code     0  startup_stm32f4xx.o(.text)
    TIM4_IRQHandler                          0x08000293   Thumb Code     0  startup_stm32f4xx.o(.text)
    TIM5_IRQHandler                          0x08000293   Thumb Code     0  startup_stm32f4xx.o(.text)
    TIM6_DAC_IRQHandler                      0x08000293   Thumb Code     0  startup_stm32f4xx.o(.text)
    TIM7_IRQHandler                          0x08000293   Thumb Code     0  startup_stm32f4xx.o(.text)
    TIM8_BRK_TIM12_IRQHandler                0x08000293   Thumb Code     0  startup_stm32f4xx.o(.text)
    TIM8_CC_IRQHandler                       0x08000293   Thumb Code     0  startup_stm32f4xx.o(.text)
    TIM8_TRG_COM_TIM14_IRQHandler            0x08000293   Thumb Code     0  startup_stm32f4xx.o(.text)
    TIM8_UP_TIM13_IRQHandler                 0x08000293   Thumb Code     0  startup_stm32f4xx.o(.text)
    UART4_IRQHandler                         0x08000293   Thumb Code     0  startup_stm32f4xx.o(.text)
    UART5_IRQHandler                         0x08000293   Thumb Code     0  startup_stm32f4xx.o(.text)
    USART2_IRQHandler                        0x08000293   Thumb Code     0  startup_stm32f4xx.o(.text)
    USART3_IRQHandler                        0x08000293   Thumb Code     0  startup_stm32f4xx.o(.text)
    USART6_IRQHandler                        0x08000293   Thumb Code     0  startup_stm32f4xx.o(.text)
    WWDG_IRQHandler                          0x08000293   Thumb Code     0  startup_stm32f4xx.o(.text)
    __user_initial_stackheap                 0x08000295   Thumb Code     0  startup_stm32f4xx.o(.text)
    __use_no_semihosting                     0x080002b9   Thumb Code     2  use_no_semi_2.o(.text)
    __aeabi_uldivmod                         0x080002bb   Thumb Code     0  lludivv7m.o(.text)
    _ll_udiv                                 0x080002bb   Thumb Code   238  lludivv7m.o(.text)
    __2printf                                0x080003a9   Thumb Code    20  noretval__2printf.o(.text)
    _printf_pre_padding                      0x080003c1   Thumb Code    44  _printf_pad.o(.text)
    _printf_post_padding                     0x080003ed   Thumb Code    34  _printf_pad.o(.text)
    _printf_int_dec                          0x08000411   Thumb Code   104  _printf_dec.o(.text)
    _printf_int_hex                          0x08000489   Thumb Code    84  _printf_hex_int.o(.text)
    _printf_longlong_hex                     0x08000489   Thumb Code     0  _printf_hex_int.o(.text)
    __printf                                 0x080004e1   Thumb Code   308  __printf_flags_wp.o(.text)
    __use_two_region_memory                  0x08000619   Thumb Code     2  heapauxi.o(.text)
    __rt_heap_escrow$2region                 0x0800061b   Thumb Code     2  heapauxi.o(.text)
    __rt_heap_expand$2region                 0x0800061d   Thumb Code     2  heapauxi.o(.text)
    __I$use$semihosting                      0x0800061f   Thumb Code     0  use_no_semi.o(.text)
    __use_no_semihosting_swi                 0x0800061f   Thumb Code     2  use_no_semi.o(.text)
    _printf_int_common                       0x08000621   Thumb Code   178  _printf_intcommon.o(.text)
    _printf_char_file                        0x080006d5   Thumb Code    32  _printf_char_file.o(.text)
    _printf_char_common                      0x08000703   Thumb Code    32  _printf_char_common.o(.text)
    ferror                                   0x08000729   Thumb Code     8  ferror.o(.text)
    __user_setup_stackheap                   0x08000731   Thumb Code    74  sys_stackheap_outer.o(.text)
    exit                                     0x0800077b   Thumb Code    12  exit.o(.text)
    __user_libspace                          0x08000789   Thumb Code     8  libspace.o(.text)
    __user_perproc_libspace                  0x08000789   Thumb Code     0  libspace.o(.text)
    __user_perthread_libspace                0x08000789   Thumb Code     0  libspace.o(.text)
    BusFault_Handler                         0x08000791   Thumb Code     4  stm32fxxx_it.o(i.BusFault_Handler)
    DCD_EP_Close                             0x08000a61   Thumb Code    74  usb_dcd.o(i.DCD_EP_Close)
    DCD_EP_ClrStall                          0x08000aab   Thumb Code    72  usb_dcd.o(i.DCD_EP_ClrStall)
    DCD_EP_Flush                             0x08000af3   Thumb Code    36  usb_dcd.o(i.DCD_EP_Flush)
    DCD_EP_Open                              0x08000b17   Thumb Code   104  usb_dcd.o(i.DCD_EP_Open)
    DCD_EP_PrepareRx                         0x08000b7f   Thumb Code    82  usb_dcd.o(i.DCD_EP_PrepareRx)
    DCD_EP_SetAddress                        0x08000bd1   Thumb Code    28  usb_dcd.o(i.DCD_EP_SetAddress)
    DCD_EP_Stall                             0x08000bed   Thumb Code    72  usb_dcd.o(i.DCD_EP_Stall)
    DCD_EP_Tx                                0x08000c35   Thumb Code    78  usb_dcd.o(i.DCD_EP_Tx)
    DCD_Init                                 0x08001229   Thumb Code   156  usb_dcd.o(i.DCD_Init)
    DMA_ClearFlag                            0x080013d5   Thumb Code    38  stm32f4xx_dma.o(i.DMA_ClearFlag)
    DMA_Cmd                                  0x08001409   Thumb Code    22  stm32f4xx_dma.o(i.DMA_Cmd)
    DMA_DeInit                               0x08001421   Thumb Code   324  stm32f4xx_dma.o(i.DMA_DeInit)
    DMA_FlowControllerConfig                 0x08001579   Thumb Code    22  stm32f4xx_dma.o(i.DMA_FlowControllerConfig)
    DMA_ITConfig                             0x0800158f   Thumb Code    58  stm32f4xx_dma.o(i.DMA_ITConfig)
    DMA_Init                                 0x080015c9   Thumb Code    82  stm32f4xx_dma.o(i.DMA_Init)
    DebugMon_Handler                         0x08001621   Thumb Code     2  stm32fxxx_it.o(i.DebugMon_Handler)
    GPIO_Init                                0x080017b9   Thumb Code   144  stm32f4xx_gpio.o(i.GPIO_Init)
    GPIO_PinAFConfig                         0x08001849   Thumb Code    70  stm32f4xx_gpio.o(i.GPIO_PinAFConfig)
    GPIO_ReadInputDataBit                    0x0800188f   Thumb Code    18  stm32f4xx_gpio.o(i.GPIO_ReadInputDataBit)
    HardFault_Handler                        0x080018a1   Thumb Code     4  stm32fxxx_it.o(i.HardFault_Handler)
    MSC_BOT_CplClrFeature                    0x080019b9   Thumb Code    56  usbd_msc_bot.o(i.MSC_BOT_CplClrFeature)
    MSC_BOT_DataIn                           0x080019f5   Thumb Code    70  usbd_msc_bot.o(i.MSC_BOT_DataIn)
    MSC_BOT_DataOut                          0x08001a45   Thumb Code    60  usbd_msc_bot.o(i.MSC_BOT_DataOut)
    MSC_BOT_DeInit                           0x08001a89   Thumb Code     8  usbd_msc_bot.o(i.MSC_BOT_DeInit)
    MSC_BOT_Init                             0x08001a95   Thumb Code    54  usbd_msc_bot.o(i.MSC_BOT_Init)
    MSC_BOT_Reset                            0x08001add   Thumb Code    30  usbd_msc_bot.o(i.MSC_BOT_Reset)
    MSC_BOT_SendCSW                          0x08001b09   Thumb Code    48  usbd_msc_bot.o(i.MSC_BOT_SendCSW)
    MemManage_Handler                        0x08001b91   Thumb Code     4  stm32fxxx_it.o(i.MemManage_Handler)
    NMI_Handler                              0x08001b95   Thumb Code     2  stm32fxxx_it.o(i.NMI_Handler)
    NVIC_Init                                0x08001b99   Thumb Code   106  misc.o(i.NVIC_Init)
    NVIC_PriorityGroupConfig                 0x08001c11   Thumb Code    10  misc.o(i.NVIC_PriorityGroupConfig)
    OTG_HS_EP1_IN_IRQHandler                 0x08001c25   Thumb Code    10  stm32fxxx_it.o(i.OTG_HS_EP1_IN_IRQHandler)
    OTG_HS_EP1_OUT_IRQHandler                0x08001c35   Thumb Code    10  stm32fxxx_it.o(i.OTG_HS_EP1_OUT_IRQHandler)
    OTG_HS_IRQHandler                        0x08001c45   Thumb Code    10  stm32fxxx_it.o(i.OTG_HS_IRQHandler)
    PendSV_Handler                           0x08001c55   Thumb Code     2  stm32fxxx_it.o(i.PendSV_Handler)
    RCC_AHB1PeriphClockCmd                   0x08001c59   Thumb Code    26  stm32f4xx_rcc.o(i.RCC_AHB1PeriphClockCmd)
    RCC_APB2PeriphClockCmd                   0x08001c79   Thumb Code    26  stm32f4xx_rcc.o(i.RCC_APB2PeriphClockCmd)
    RCC_APB2PeriphResetCmd                   0x08001c99   Thumb Code    26  stm32f4xx_rcc.o(i.RCC_APB2PeriphResetCmd)
    RCC_GetClocksFreq                        0x08001cb9   Thumb Code   214  stm32f4xx_rcc.o(i.RCC_GetClocksFreq)
    SCSI_ProcessCmd                          0x08001e85   Thumb Code   216  usbd_msc_scsi.o(i.SCSI_ProcessCmd)
    SCSI_SenseCode                           0x080023b1   Thumb Code    50  usbd_msc_scsi.o(i.SCSI_SenseCode)
    SDIO_ClearFlag                           0x080026fd   Thumb Code     6  stm32f4xx_sdio.o(i.SDIO_ClearFlag)
    SDIO_ClearITPendingBit                   0x08002709   Thumb Code     6  stm32f4xx_sdio.o(i.SDIO_ClearITPendingBit)
    SDIO_ClockCmd                            0x08002715   Thumb Code     6  stm32f4xx_sdio.o(i.SDIO_ClockCmd)
    SDIO_DMACmd                              0x08002721   Thumb Code     6  stm32f4xx_sdio.o(i.SDIO_DMACmd)
    SDIO_DataConfig                          0x0800272d   Thumb Code    46  stm32f4xx_sdio.o(i.SDIO_DataConfig)
    SDIO_DeInit                              0x08002761   Thumb Code    22  stm32f4xx_sdio.o(i.SDIO_DeInit)
    SDIO_GetCommandResponse                  0x08002779   Thumb Code     8  stm32f4xx_sdio.o(i.SDIO_GetCommandResponse)
    SDIO_GetFlagStatus                       0x08002785   Thumb Code    20  stm32f4xx_sdio.o(i.SDIO_GetFlagStatus)
    SDIO_GetITStatus                         0x0800279d   Thumb Code    20  stm32f4xx_sdio.o(i.SDIO_GetITStatus)
    SDIO_GetPowerState                       0x080027b5   Thumb Code    10  stm32f4xx_sdio.o(i.SDIO_GetPowerState)
    SDIO_GetResponse                         0x080027c5   Thumb Code    20  stm32f4xx_sdio.o(i.SDIO_GetResponse)
    SDIO_IRQHandler                          0x080027dd   Thumb Code     8  stm32fxxx_it.o(i.SDIO_IRQHandler)
    SDIO_ITConfig                            0x080027e5   Thumb Code    26  stm32f4xx_sdio.o(i.SDIO_ITConfig)
    SDIO_Init                                0x08002805   Thumb Code    42  stm32f4xx_sdio.o(i.SDIO_Init)
    SDIO_ReadData                            0x08002835   Thumb Code     6  stm32f4xx_sdio.o(i.SDIO_ReadData)
    SDIO_SendCommand                         0x08002841   Thumb Code    40  stm32f4xx_sdio.o(i.SDIO_SendCommand)
    SDIO_SetPowerState                       0x0800286d   Thumb Code     6  stm32f4xx_sdio.o(i.SDIO_SetPowerState)
    SD_Detect                                0x08002879   Thumb Code    26  stm324xg_eval_sdio_sd.o(i.SD_Detect)
    SD_EnableWideBusOperation                0x08002899   Thumb Code   136  stm324xg_eval_sdio_sd.o(i.SD_EnableWideBusOperation)
    SD_GetCardInfo                           0x08002929   Thumb Code   762  stm324xg_eval_sdio_sd.o(i.SD_GetCardInfo)
    SD_GetState                              0x08002c35   Thumb Code    38  stm324xg_eval_sdio_sd.o(i.SD_GetState)
    SD_GetStatus                             0x08002c5b   Thumb Code    30  stm324xg_eval_sdio_sd.o(i.SD_GetStatus)
    SD_Init                                  0x08002c79   Thumb Code   122  stm324xg_eval_sdio_sd.o(i.SD_Init)
    SD_InitializeCards                       0x08002cfd   Thumb Code   294  stm324xg_eval_sdio_sd.o(i.SD_InitializeCards)
    SD_LowLevel_DMA_RxConfig                 0x08002e39   Thumb Code   132  stm324xg_eval.o(i.SD_LowLevel_DMA_RxConfig)
    SD_LowLevel_DMA_TxConfig                 0x08002ec5   Thumb Code   134  stm324xg_eval.o(i.SD_LowLevel_DMA_TxConfig)
    SD_LowLevel_Init                         0x08002f55   Thumb Code   184  stm324xg_eval.o(i.SD_LowLevel_Init)
    SD_PowerON                               0x08003019   Thumb Code   400  stm324xg_eval_sdio_sd.o(i.SD_PowerON)
    SD_ProcessIRQSrc                         0x080031b9   Thumb Code   162  stm324xg_eval_sdio_sd.o(i.SD_ProcessIRQSrc)
    SD_ReadMultiBlocks                       0x08003265   Thumb Code   204  stm324xg_eval_sdio_sd.o(i.SD_ReadMultiBlocks)
    SD_SelectDeselect                        0x0800334d   Thumb Code    48  stm324xg_eval_sdio_sd.o(i.SD_SelectDeselect)
    SD_SendStatus                            0x08003381   Thumb Code    74  stm324xg_eval_sdio_sd.o(i.SD_SendStatus)
    SD_StopTransfer                          0x080033d5   Thumb Code    46  stm324xg_eval_sdio_sd.o(i.SD_StopTransfer)
    SD_WaitReadOperation                     0x08003409   Thumb Code   102  stm324xg_eval_sdio_sd.o(i.SD_WaitReadOperation)
    SD_WaitWriteOperation                    0x08003485   Thumb Code   102  stm324xg_eval_sdio_sd.o(i.SD_WaitWriteOperation)
    SD_WriteMultiBlocks                      0x08003501   Thumb Code   294  stm324xg_eval_sdio_sd.o(i.SD_WriteMultiBlocks)
    STORAGE_GetCapacity                      0x08003649   Thumb Code    54  usbd_storage_msd.o(i.STORAGE_GetCapacity)
    STORAGE_GetMaxLun                        0x08003685   Thumb Code     4  usbd_storage_msd.o(i.STORAGE_GetMaxLun)
    STORAGE_Init                             0x08003689   Thumb Code    48  usbd_storage_msd.o(i.STORAGE_Init)
    STORAGE_IsReady                          0x080036b9   Thumb Code    46  usbd_storage_msd.o(i.STORAGE_IsReady)
    STORAGE_IsWriteProtected                 0x080036ed   Thumb Code     6  usbd_storage_msd.o(i.STORAGE_IsWriteProtected)
    STORAGE_Read                             0x080036f3   Thumb Code    54  usbd_storage_msd.o(i.STORAGE_Read)
    STORAGE_Write                            0x08003729   Thumb Code    54  usbd_storage_msd.o(i.STORAGE_Write)
    SVC_Handler                              0x0800375f   Thumb Code     2  stm32fxxx_it.o(i.SVC_Handler)
    SysTick_CLKSourceConfig                  0x0800384d   Thumb Code    40  misc.o(i.SysTick_CLKSourceConfig)
    SysTick_Handler                          0x08003875   Thumb Code     2  stm32fxxx_it.o(i.SysTick_Handler)
    SystemInit                               0x08003879   Thumb Code    88  system_stm32f4xx.o(i.SystemInit)
    USART1_IRQHandler                        0x080038e1   Thumb Code   122  usart.o(i.USART1_IRQHandler)
    USART_Cmd                                0x08003969   Thumb Code    24  stm32f4xx_usart.o(i.USART_Cmd)
    USART_GetITStatus                        0x08003981   Thumb Code    84  stm32f4xx_usart.o(i.USART_GetITStatus)
    USART_ITConfig                           0x080039d5   Thumb Code    74  stm32f4xx_usart.o(i.USART_ITConfig)
    USART_Init                               0x08003a21   Thumb Code   204  stm32f4xx_usart.o(i.USART_Init)
    USART_ReceiveData                        0x08003af5   Thumb Code    10  stm32f4xx_usart.o(i.USART_ReceiveData)
    USBD_ClrCfg                              0x08003aff   Thumb Code    22  usbd_core.o(i.USBD_ClrCfg)
    USBD_CtlContinueRx                       0x08003b5d   Thumb Code    30  usbd_ioreq.o(i.USBD_CtlContinueRx)
    USBD_CtlContinueSendData                 0x08003b7b   Thumb Code    30  usbd_ioreq.o(i.USBD_CtlContinueSendData)
    USBD_CtlError                            0x08003b99   Thumb Code    30  usbd_req.o(i.USBD_CtlError)
    USBD_CtlReceiveStatus                    0x08003bb7   Thumb Code    36  usbd_ioreq.o(i.USBD_CtlReceiveStatus)
    USBD_CtlSendData                         0x08003bdb   Thumb Code    46  usbd_ioreq.o(i.USBD_CtlSendData)
    USBD_CtlSendStatus                       0x08003c09   Thumb Code    36  usbd_ioreq.o(i.USBD_CtlSendStatus)
    USBD_DeInit                              0x08003d93   Thumb Code     6  usbd_core.o(i.USBD_DeInit)
    USBD_GetRxCount                          0x08003f89   Thumb Code    20  usbd_ioreq.o(i.USBD_GetRxCount)
    USBD_GetString                           0x08003fed   Thumb Code    82  usbd_req.o(i.USBD_GetString)
    USBD_HID_SendReport                      0x08004041   Thumb Code    48  usbd_msc_core.o(i.USBD_HID_SendReport)
    USBD_Init                                0x080040a1   Thumb Code    66  usbd_core.o(i.USBD_Init)
    USBD_MSC_DataIn                          0x08004109   Thumb Code    48  usbd_msc_core.o(i.USBD_MSC_DataIn)
    USBD_MSC_DataOut                         0x08004145   Thumb Code    92  usbd_msc_core.o(i.USBD_MSC_DataOut)
    USBD_MSC_DeInit                          0x080041c9   Thumb Code    48  usbd_msc_core.o(i.USBD_MSC_DeInit)
    USBD_MSC_GetCfgDesc                      0x080041f9   Thumb Code    10  usbd_msc_core.o(i.USBD_MSC_GetCfgDesc)
    USBD_MSC_GetOtherCfgDesc                 0x08004209   Thumb Code    10  usbd_msc_core.o(i.USBD_MSC_GetOtherCfgDesc)
    USBD_MSC_Init                            0x08004219   Thumb Code    72  usbd_msc_core.o(i.USBD_MSC_Init)
    USBD_MSC_Setup                           0x08004261   Thumb Code   400  usbd_msc_core.o(i.USBD_MSC_Setup)
    USBD_OTG_EP1IN_ISR_Handler               0x0800440d   Thumb Code   232  usb_dcd_int.o(i.USBD_OTG_EP1IN_ISR_Handler)
    USBD_OTG_EP1OUT_ISR_Handler              0x080044f9   Thumb Code   122  usb_dcd_int.o(i.USBD_OTG_EP1OUT_ISR_Handler)
    USBD_OTG_ISR_Handler                     0x08004579   Thumb Code   224  usb_dcd_int.o(i.USBD_OTG_ISR_Handler)
    USBD_ParseSetupRequest                   0x08004659   Thumb Code    72  usbd_req.o(i.USBD_ParseSetupRequest)
    USBD_SetCfg                              0x0800477b   Thumb Code    30  usbd_core.o(i.USBD_SetCfg)
    USBD_StdDevReq                           0x08004961   Thumb Code   114  usbd_req.o(i.USBD_StdDevReq)
    USBD_StdEPReq                            0x080049d5   Thumb Code   344  usbd_req.o(i.USBD_StdEPReq)
    USBD_StdItfReq                           0x08004b31   Thumb Code    76  usbd_req.o(i.USBD_StdItfReq)
    USBD_USR_ConfigStrDescriptor             0x08004b9d   Thumb Code    36  usbd_desc.o(i.USBD_USR_ConfigStrDescriptor)
    USBD_USR_DeviceConfigured                0x08004bd1   Thumb Code     2  usbd_usr.o(i.USBD_USR_DeviceConfigured)
    USBD_USR_DeviceConnected                 0x08004bd3   Thumb Code     2  usbd_usr.o(i.USBD_USR_DeviceConnected)
    USBD_USR_DeviceDescriptor                0x08004bd5   Thumb Code    10  usbd_desc.o(i.USBD_USR_DeviceDescriptor)
    USBD_USR_DeviceDisconnected              0x08004be5   Thumb Code    10  usbd_usr.o(i.USBD_USR_DeviceDisconnected)
    USBD_USR_DeviceReset                     0x08004c11   Thumb Code     2  usbd_usr.o(i.USBD_USR_DeviceReset)
    USBD_USR_DeviceResumed                   0x08004c13   Thumb Code     2  usbd_usr.o(i.USBD_USR_DeviceResumed)
    USBD_USR_DeviceSuspended                 0x08004c15   Thumb Code     2  usbd_usr.o(i.USBD_USR_DeviceSuspended)
    USBD_USR_Init                            0x08004c17   Thumb Code     2  usbd_usr.o(i.USBD_USR_Init)
    USBD_USR_InterfaceStrDescriptor          0x08004c19   Thumb Code    34  usbd_desc.o(i.USBD_USR_InterfaceStrDescriptor)
    USBD_USR_LangIDStrDescriptor             0x08004c51   Thumb Code    10  usbd_desc.o(i.USBD_USR_LangIDStrDescriptor)
    USBD_USR_ManufacturerStrDescriptor       0x08004c61   Thumb Code    20  usbd_desc.o(i.USBD_USR_ManufacturerStrDescriptor)
    USBD_USR_ProductStrDescriptor            0x08004c9d   Thumb Code    34  usbd_desc.o(i.USBD_USR_ProductStrDescriptor)
    USBD_USR_SerialStrDescriptor             0x08004ce5   Thumb Code    36  usbd_desc.o(i.USBD_USR_SerialStrDescriptor)
    USB_OTG_BSP_EnableInterrupt              0x08004d2d   Thumb Code   116  usb_bsp.o(i.USB_OTG_BSP_EnableInterrupt)
    USB_OTG_BSP_Init                         0x08004da1   Thumb Code   310  usb_bsp.o(i.USB_OTG_BSP_Init)
    USB_OTG_BSP_mDelay                       0x08004ee5   Thumb Code    18  usb_bsp.o(i.USB_OTG_BSP_mDelay)
    USB_OTG_BSP_uDelay                       0x08004ef7   Thumb Code    22  usb_bsp.o(i.USB_OTG_BSP_uDelay)
    USB_OTG_CoreInit                         0x08004f0d   Thumb Code   294  usb_core.o(i.USB_OTG_CoreInit)
    USB_OTG_CoreInitDev                      0x08005033   Thumb Code   598  usb_core.o(i.USB_OTG_CoreInitDev)
    USB_OTG_DisableGlobalInt                 0x080052f9   Thumb Code    34  usb_core.o(i.USB_OTG_DisableGlobalInt)
    USB_OTG_EP0Activate                      0x0800531b   Thumb Code   106  usb_core.o(i.USB_OTG_EP0Activate)
    USB_OTG_EP0StartXfer                     0x08005385   Thumb Code   342  usb_core.o(i.USB_OTG_EP0StartXfer)
    USB_OTG_EP0_OutStart                     0x080054db   Thumb Code    98  usb_core.o(i.USB_OTG_EP0_OutStart)
    USB_OTG_EPActivate                       0x0800553d   Thumb Code   176  usb_core.o(i.USB_OTG_EPActivate)
    USB_OTG_EPClearStall                     0x080055ed   Thumb Code    80  usb_core.o(i.USB_OTG_EPClearStall)
    USB_OTG_EPDeactivate                     0x0800563d   Thumb Code   118  usb_core.o(i.USB_OTG_EPDeactivate)
    USB_OTG_EPSetStall                       0x080056b3   Thumb Code   100  usb_core.o(i.USB_OTG_EPSetStall)
    USB_OTG_EPStartXfer                      0x08005717   Thumb Code   502  usb_core.o(i.USB_OTG_EPStartXfer)
    USB_OTG_EnableDevInt                     0x08005941   Thumb Code   154  usb_core.o(i.USB_OTG_EnableDevInt)
    USB_OTG_EnableGlobalInt                  0x080059db   Thumb Code    34  usb_core.o(i.USB_OTG_EnableGlobalInt)
    USB_OTG_FlushRxFifo                      0x080059fd   Thumb Code    70  usb_core.o(i.USB_OTG_FlushRxFifo)
    USB_OTG_FlushTxFifo                      0x08005a49   Thumb Code    80  usb_core.o(i.USB_OTG_FlushTxFifo)
    USB_OTG_GetDeviceSpeed                   0x08005a9d   Thumb Code    52  usb_core.o(i.USB_OTG_GetDeviceSpeed)
    USB_OTG_GetMode                          0x08005ad1   Thumb Code    12  usb_core.o(i.USB_OTG_GetMode)
    USB_OTG_InitDevSpeed                     0x08005add   Thumb Code    24  usb_core.o(i.USB_OTG_InitDevSpeed)
    USB_OTG_IsDeviceMode                     0x08005af5   Thumb Code    22  usb_core.o(i.USB_OTG_IsDeviceMode)
    USB_OTG_ReadCoreItr                      0x08005b0b   Thumb Code    16  usb_core.o(i.USB_OTG_ReadCoreItr)
    USB_OTG_ReadDevAllInEPItr                0x08005b1b   Thumb Code    16  usb_core.o(i.USB_OTG_ReadDevAllInEPItr)
    USB_OTG_ReadDevAllOutEp_itr              0x08005b2b   Thumb Code    16  usb_core.o(i.USB_OTG_ReadDevAllOutEp_itr)
    USB_OTG_ReadDevOutEP_itr                 0x08005b3b   Thumb Code    20  usb_core.o(i.USB_OTG_ReadDevOutEP_itr)
    USB_OTG_ReadPacket                       0x08005b4f   Thumb Code    40  usb_core.o(i.USB_OTG_ReadPacket)
    USB_OTG_SelectCore                       0x08005b79   Thumb Code   208  usb_core.o(i.USB_OTG_SelectCore)
    USB_OTG_SetCurrentMode                   0x08005c4d   Thumb Code    78  usb_core.o(i.USB_OTG_SetCurrentMode)
    USB_OTG_WritePacket                      0x08005c9b   Thumb Code    64  usb_core.o(i.USB_OTG_WritePacket)
    UsageFault_Handler                       0x08005cdb   Thumb Code     4  stm32fxxx_it.o(i.UsageFault_Handler)
    _is_digit                                0x08005cdf   Thumb Code    14  __printf_wp.o(i._is_digit)
    _sys_exit                                0x08005ced   Thumb Code     4  usart.o(i._sys_exit)
    delay_init                               0x08005cf1   Thumb Code    52  delay.o(i.delay_init)
    delay_ms                                 0x08005d2d   Thumb Code    56  delay.o(i.delay_ms)
    delay_xms                                0x08005d65   Thumb Code    72  delay.o(i.delay_xms)
    fputc                                    0x08005db1   Thumb Code    22  usart.o(i.fputc)
    keyboard_send_char                       0x08005dcd   Thumb Code   944  keyboard_fun.o(i.keyboard_send_char)
    main                                     0x08006185   Thumb Code    94  app.o(i.main)
    uart_init                                0x08006221   Thumb Code   164  usart.o(i.uart_init)
    _fp_init                                 0x080062cd   Thumb Code    10  fpinit.o(x$fpl$fpinit)
    __fplib_config_fpu_vfp                   0x080062d5   Thumb Code     0  fpinit.o(x$fpl$fpinit)
    __fplib_config_pureend_doubles           0x080062d5   Thumb Code     0  fpinit.o(x$fpl$fpinit)
    STORAGE_Inquirydata                      0x080062d6   Data          36  usbd_storage_msd.o(.constdata)
    MSC_Page00_Inquiry_Data                  0x080062fa   Data           7  usbd_msc_data.o(.constdata)
    MSC_Mode_Sense6_data                     0x08006301   Data           8  usbd_msc_data.o(.constdata)
    MSC_Mode_Sense10_data                    0x08006309   Data           8  usbd_msc_data.o(.constdata)
    Region$$Table$$Base                      0x0800634c   Number         0  anon$$obj.o(Region$$Table)
    Region$$Table$$Limit                     0x0800636c   Number         0  anon$$obj.o(Region$$Table)
    Mass_is_ok                               0x20000000   Data           1  app.o(.data)
    USR_desc                                 0x20000004   Data          28  usbd_desc.o(.data)
    USBD_DeviceDesc                          0x20000020   Data          18  usbd_desc.o(.data)
    USBD_DeviceQualifierDesc                 0x20000034   Data          10  usbd_desc.o(.data)
    USBD_LangIDDesc                          0x20000040   Data           4  usbd_desc.o(.data)
    USBD_MICRO_SDIO_fops                     0x20000044   Data          32  usbd_storage_msd.o(.data)
    USBD_STORAGE_fops                        0x20000064   Data           4  usbd_storage_msd.o(.data)
    count                                    0x20000068   Data           4  usbd_storage_msd.o(.data)
    USR_cb                                   0x20000070   Data          28  usbd_usr.o(.data)
    __stdout                                 0x20000090   Data           4  usart.o(.data)
    USART_RX_STA                             0x20000094   Data           2  usart.o(.data)
    SET_TEST_MODE                            0x200000a0   Data           4  usbd_core.o(.data)
    USBD_DCD_INT_cb                          0x200000a4   Data          44  usbd_core.o(.data)
    USBD_DCD_INT_fops                        0x200000d0   Data           4  usbd_core.o(.data)
    USBD_ep_status                           0x200000d4   Data           4  usbd_req.o(.data)
    USBD_default_cfg                         0x200000d8   Data           4  usbd_req.o(.data)
    USBD_cfg_status                          0x200000dc   Data           4  usbd_req.o(.data)
    MSC_BOT_DataLen                          0x200000e2   Data           2  usbd_msc_bot.o(.data)
    MSC_BOT_State                            0x200000e4   Data           1  usbd_msc_bot.o(.data)
    MSC_BOT_Status                           0x200000e5   Data           1  usbd_msc_bot.o(.data)
    USBD_MSC_cb                              0x20000130   Data          48  usbd_msc_core.o(.data)
    USBD_MSC_CfgDesc                         0x20000160   Data          64  usbd_msc_core.o(.data)
    USBD_MSC_OtherCfgDesc                    0x200001a0   Data          64  usbd_msc_core.o(.data)
    SCSI_Sense_Head                          0x200001e8   Data           1  usbd_msc_scsi.o(.data)
    SCSI_Sense_Tail                          0x200001e9   Data           1  usbd_msc_scsi.o(.data)
    SCSI_blk_size                            0x200001ec   Data           4  usbd_msc_scsi.o(.data)
    SCSI_blk_nbr                             0x200001f0   Data           4  usbd_msc_scsi.o(.data)
    SCSI_blk_addr                            0x200001f8   Data           8  usbd_msc_scsi.o(.data)
    SCSI_blk_len                             0x20000200   Data           4  usbd_msc_scsi.o(.data)
    cdev                                     0x20000204   Data           4  usbd_msc_scsi.o(.data)
    StopCondition                            0x20000210   Data           4  stm324xg_eval_sdio_sd.o(.data)
    TransferError                            0x20000214   Data           1  stm324xg_eval_sdio_sd.o(.data)
    TransferEnd                              0x20000218   Data           4  stm324xg_eval_sdio_sd.o(.data)
    DMAEndOfTransfer                         0x2000021c   Data           4  stm324xg_eval_sdio_sd.o(.data)
    USB_OTG_dev                              0x20000230   Data        1524  app.o(.bss)
    USART_RX_BUF                             0x20000824   Data         200  usart.o(.bss)
    USBD_StrDesc                             0x200008ec   Data          64  usbd_req.o(.bss)
    MSC_BOT_Data                             0x2000092c   Data       12288  usbd_msc_bot.o(.bss)
    MSC_BOT_cbw                              0x2000392c   Data          32  usbd_msc_bot.o(.bss)
    MSC_BOT_csw                              0x2000394c   Data          16  usbd_msc_bot.o(.bss)
    SCSI_Sense                               0x2000395c   Data          32  usbd_msc_scsi.o(.bss)
    SDCardInfo                               0x200039b0   Data          88  stm324xg_eval_sdio_sd.o(.bss)
    SDIO_InitStructure                       0x20003a08   Data          24  stm324xg_eval_sdio_sd.o(.bss)
    SDIO_CmdInitStructure                    0x20003a20   Data          20  stm324xg_eval_sdio_sd.o(.bss)
    SDIO_DataInitStructure                   0x20003a34   Data          24  stm324xg_eval_sdio_sd.o(.bss)
    __libspace_start                         0x20003a4c   Data          96  libspace.o(.bss)
    __temporary_stack_top$libspace           0x20003aac   Data           0  libspace.o(.bss)



==============================================================================

Memory Map of the image

  Image Entry point : 0x08000189

  Load Region LR_IROM1 (Base: 0x08000000, Size: 0x0000659c, Max: 0x00100000, ABSOLUTE, COMPRESSED[0x000064a0])

    Execution Region ER_IROM1 (Base: 0x08000000, Size: 0x0000636c, Max: 0x00100000, ABSOLUTE)

    Base Addr    Size         Type   Attr      Idx    E Section Name        Object

    0x08000000   0x00000188   Data   RO          770    RESET               startup_stm32f4xx.o
    0x08000188   0x00000008   Code   RO         4836  * !!!main             c_w.l(__main.o)
    0x08000190   0x00000034   Code   RO         5017    !!!scatter          c_w.l(__scatter.o)
    0x080001c4   0x0000005a   Code   RO         5015    !!dczerorl2         c_w.l(__dczerorl2.o)
    0x0800021e   0x00000002   PAD
    0x08000220   0x0000001c   Code   RO         5019    !!handler_zi        c_w.l(__scatter_zi.o)
    0x0800023c   0x00000000   Code   RO         4833    .ARM.Collect$$_printf_percent$$00000000  c_w.l(_printf_percent.o)
    0x0800023c   0x00000006   Code   RO         4832    .ARM.Collect$$_printf_percent$$00000009  c_w.l(_printf_d.o)
    0x08000242   0x00000006   Code   RO         4831    .ARM.Collect$$_printf_percent$$0000000C  c_w.l(_printf_x.o)
    0x08000248   0x00000004   Code   RO         4851    .ARM.Collect$$_printf_percent$$00000017  c_w.l(_printf_percent_end.o)
    0x0800024c   0x00000002   Code   RO         4890    .ARM.Collect$$libinit$$00000000  c_w.l(libinit.o)
    0x0800024e   0x00000004   Code   RO         4902    .ARM.Collect$$libinit$$00000001  c_w.l(libinit2.o)
    0x08000252   0x00000000   Code   RO         4905    .ARM.Collect$$libinit$$00000004  c_w.l(libinit2.o)
    0x08000252   0x00000000   Code   RO         4908    .ARM.Collect$$libinit$$0000000A  c_w.l(libinit2.o)
    0x08000252   0x00000000   Code   RO         4910    .ARM.Collect$$libinit$$0000000C  c_w.l(libinit2.o)
    0x08000252   0x00000000   Code   RO         4912    .ARM.Collect$$libinit$$0000000E  c_w.l(libinit2.o)
    0x08000252   0x00000000   Code   RO         4915    .ARM.Collect$$libinit$$00000011  c_w.l(libinit2.o)
    0x08000252   0x00000000   Code   RO         4917    .ARM.Collect$$libinit$$00000013  c_w.l(libinit2.o)
    0x08000252   0x00000000   Code   RO         4919    .ARM.Collect$$libinit$$00000015  c_w.l(libinit2.o)
    0x08000252   0x00000000   Code   RO         4921    .ARM.Collect$$libinit$$00000017  c_w.l(libinit2.o)
    0x08000252   0x00000000   Code   RO         4923    .ARM.Collect$$libinit$$00000019  c_w.l(libinit2.o)
    0x08000252   0x00000000   Code   RO         4925    .ARM.Collect$$libinit$$0000001B  c_w.l(libinit2.o)
    0x08000252   0x00000000   Code   RO         4927    .ARM.Collect$$libinit$$0000001D  c_w.l(libinit2.o)
    0x08000252   0x00000000   Code   RO         4929    .ARM.Collect$$libinit$$0000001F  c_w.l(libinit2.o)
    0x08000252   0x00000000   Code   RO         4931    .ARM.Collect$$libinit$$00000021  c_w.l(libinit2.o)
    0x08000252   0x00000000   Code   RO         4933    .ARM.Collect$$libinit$$00000023  c_w.l(libinit2.o)
    0x08000252   0x00000000   Code   RO         4935    .ARM.Collect$$libinit$$00000025  c_w.l(libinit2.o)
    0x08000252   0x00000000   Code   RO         4939    .ARM.Collect$$libinit$$0000002C  c_w.l(libinit2.o)
    0x08000252   0x00000000   Code   RO         4941    .ARM.Collect$$libinit$$0000002E  c_w.l(libinit2.o)
    0x08000252   0x00000000   Code   RO         4943    .ARM.Collect$$libinit$$00000030  c_w.l(libinit2.o)
    0x08000252   0x00000000   Code   RO         4945    .ARM.Collect$$libinit$$00000032  c_w.l(libinit2.o)
    0x08000252   0x00000002   Code   RO         4946    .ARM.Collect$$libinit$$00000033  c_w.l(libinit2.o)
    0x08000254   0x00000002   Code   RO         4972    .ARM.Collect$$libshutdown$$00000000  c_w.l(libshutdown.o)
    0x08000256   0x00000000   Code   RO         5000    .ARM.Collect$$libshutdown$$00000003  c_w.l(libshutdown2.o)
    0x08000256   0x00000000   Code   RO         5003    .ARM.Collect$$libshutdown$$00000006  c_w.l(libshutdown2.o)
    0x08000256   0x00000000   Code   RO         5006    .ARM.Collect$$libshutdown$$00000009  c_w.l(libshutdown2.o)
    0x08000256   0x00000000   Code   RO         5008    .ARM.Collect$$libshutdown$$0000000B  c_w.l(libshutdown2.o)
    0x08000256   0x00000000   Code   RO         5011    .ARM.Collect$$libshutdown$$0000000E  c_w.l(libshutdown2.o)
    0x08000256   0x00000002   Code   RO         5012    .ARM.Collect$$libshutdown$$0000000F  c_w.l(libshutdown2.o)
    0x08000258   0x00000000   Code   RO         4840    .ARM.Collect$$rtentry$$00000000  c_w.l(__rtentry.o)
    0x08000258   0x00000000   Code   RO         4853    .ARM.Collect$$rtentry$$00000002  c_w.l(__rtentry2.o)
    0x08000258   0x00000006   Code   RO         4865    .ARM.Collect$$rtentry$$00000004  c_w.l(__rtentry4.o)
    0x0800025e   0x00000000   Code   RO         4855    .ARM.Collect$$rtentry$$00000009  c_w.l(__rtentry2.o)
    0x0800025e   0x00000004   Code   RO         4856    .ARM.Collect$$rtentry$$0000000A  c_w.l(__rtentry2.o)
    0x08000262   0x00000000   Code   RO         4858    .ARM.Collect$$rtentry$$0000000C  c_w.l(__rtentry2.o)
    0x08000262   0x00000008   Code   RO         4859    .ARM.Collect$$rtentry$$0000000D  c_w.l(__rtentry2.o)
    0x0800026a   0x00000002   Code   RO         4894    .ARM.Collect$$rtexit$$00000000  c_w.l(rtexit.o)
    0x0800026c   0x00000000   Code   RO         4948    .ARM.Collect$$rtexit$$00000002  c_w.l(rtexit2.o)
    0x0800026c   0x00000004   Code   RO         4949    .ARM.Collect$$rtexit$$00000003  c_w.l(rtexit2.o)
    0x08000270   0x00000006   Code   RO         4950    .ARM.Collect$$rtexit$$00000004  c_w.l(rtexit2.o)
    0x08000276   0x00000002   PAD
    0x08000278   0x00000040   Code   RO          771    .text               startup_stm32f4xx.o
    0x080002b8   0x00000002   Code   RO         4773    .text               c_w.l(use_no_semi_2.o)
    0x080002ba   0x000000ee   Code   RO         4775    .text               c_w.l(lludivv7m.o)
    0x080003a8   0x00000018   Code   RO         4779    .text               c_w.l(noretval__2printf.o)
    0x080003c0   0x0000004e   Code   RO         4783    .text               c_w.l(_printf_pad.o)
    0x0800040e   0x00000002   PAD
    0x08000410   0x00000078   Code   RO         4787    .text               c_w.l(_printf_dec.o)
    0x08000488   0x00000058   Code   RO         4792    .text               c_w.l(_printf_hex_int.o)
    0x080004e0   0x00000138   Code   RO         4822    .text               c_w.l(__printf_flags_wp.o)
    0x08000618   0x00000006   Code   RO         4834    .text               c_w.l(heapauxi.o)
    0x0800061e   0x00000002   Code   RO         4838    .text               c_w.l(use_no_semi.o)
    0x08000620   0x000000b2   Code   RO         4845    .text               c_w.l(_printf_intcommon.o)
    0x080006d2   0x00000002   PAD
    0x080006d4   0x00000024   Code   RO         4849    .text               c_w.l(_printf_char_file.o)
    0x080006f8   0x00000030   Code   RO         4869    .text               c_w.l(_printf_char_common.o)
    0x08000728   0x00000008   Code   RO         4871    .text               c_w.l(ferror.o)
    0x08000730   0x0000004a   Code   RO         4875    .text               c_w.l(sys_stackheap_outer.o)
    0x0800077a   0x0000000c   Code   RO         4879    .text               c_w.l(exit.o)
    0x08000786   0x00000002   PAD
    0x08000788   0x00000008   Code   RO         4891    .text               c_w.l(libspace.o)
    0x08000790   0x00000004   Code   RO          217    i.BusFault_Handler  stm32fxxx_it.o
    0x08000794   0x0000002c   Code   RO         1878    i.CmdError          stm324xg_eval_sdio_sd.o
    0x080007c0   0x00000134   Code   RO         1879    i.CmdResp1Error     stm324xg_eval_sdio_sd.o
    0x080008f4   0x0000004c   Code   RO         1880    i.CmdResp2Error     stm324xg_eval_sdio_sd.o
    0x08000940   0x00000038   Code   RO         1881    i.CmdResp3Error     stm324xg_eval_sdio_sd.o
    0x08000978   0x0000009c   Code   RO         1882    i.CmdResp6Error     stm324xg_eval_sdio_sd.o
    0x08000a14   0x0000004c   Code   RO         1883    i.CmdResp7Error     stm324xg_eval_sdio_sd.o
    0x08000a60   0x0000004a   Code   RO         1577    i.DCD_EP_Close      usb_dcd.o
    0x08000aaa   0x00000048   Code   RO         1578    i.DCD_EP_ClrStall   usb_dcd.o
    0x08000af2   0x00000024   Code   RO         1579    i.DCD_EP_Flush      usb_dcd.o
    0x08000b16   0x00000068   Code   RO         1580    i.DCD_EP_Open       usb_dcd.o
    0x08000b7e   0x00000052   Code   RO         1581    i.DCD_EP_PrepareRx  usb_dcd.o
    0x08000bd0   0x0000001c   Code   RO         1582    i.DCD_EP_SetAddress  usb_dcd.o
    0x08000bec   0x00000048   Code   RO         1583    i.DCD_EP_Stall      usb_dcd.o
    0x08000c34   0x0000004e   Code   RO         1584    i.DCD_EP_Tx         usb_dcd.o
    0x08000c82   0x00000064   Code   RO         1671    i.DCD_HandleEnumDone_ISR  usb_dcd_int.o
    0x08000ce6   0x00000002   PAD
    0x08000ce8   0x00000144   Code   RO         1672    i.DCD_HandleInEP_ISR  usb_dcd_int.o
    0x08000e2c   0x00000100   Code   RO         1673    i.DCD_HandleOutEP_ISR  usb_dcd_int.o
    0x08000f2c   0x00000068   Code   RO         1674    i.DCD_HandleResume_ISR  usb_dcd_int.o
    0x08000f94   0x000000b0   Code   RO         1675    i.DCD_HandleRxStatusQueueLevel_ISR  usb_dcd_int.o
    0x08001044   0x0000002c   Code   RO         1676    i.DCD_HandleSof_ISR  usb_dcd_int.o
    0x08001070   0x000000a8   Code   RO         1677    i.DCD_HandleUSBSuspend_ISR  usb_dcd_int.o
    0x08001118   0x00000110   Code   RO         1678    i.DCD_HandleUsbReset_ISR  usb_dcd_int.o
    0x08001228   0x0000009c   Code   RO         1586    i.DCD_Init          usb_dcd.o
    0x080012c4   0x0000002c   Code   RO         1679    i.DCD_IsoINIncomplete_ISR  usb_dcd_int.o
    0x080012f0   0x0000002c   Code   RO         1680    i.DCD_IsoOUTIncomplete_ISR  usb_dcd_int.o
    0x0800131c   0x00000028   Code   RO         1681    i.DCD_ReadDevInEP   usb_dcd_int.o
    0x08001344   0x00000090   Code   RO         1682    i.DCD_WriteEmptyTxFifo  usb_dcd_int.o
    0x080013d4   0x00000034   Code   RO         2149    i.DMA_ClearFlag     stm32f4xx_dma.o
    0x08001408   0x00000016   Code   RO         2151    i.DMA_Cmd           stm32f4xx_dma.o
    0x0800141e   0x00000002   PAD
    0x08001420   0x00000158   Code   RO         2152    i.DMA_DeInit        stm32f4xx_dma.o
    0x08001578   0x00000016   Code   RO         2155    i.DMA_FlowControllerConfig  stm32f4xx_dma.o
    0x0800158e   0x0000003a   Code   RO         2162    i.DMA_ITConfig      stm32f4xx_dma.o
    0x080015c8   0x00000058   Code   RO         2163    i.DMA_Init          stm32f4xx_dma.o
    0x08001620   0x00000002   Code   RO          218    i.DebugMon_Handler  stm32fxxx_it.o
    0x08001622   0x00000002   PAD
    0x08001624   0x00000194   Code   RO         1884    i.FindSCR           stm324xg_eval_sdio_sd.o
    0x080017b8   0x00000090   Code   RO         2282    i.GPIO_Init         stm32f4xx_gpio.o
    0x08001848   0x00000046   Code   RO         2283    i.GPIO_PinAFConfig  stm32f4xx_gpio.o
    0x0800188e   0x00000012   Code   RO         2286    i.GPIO_ReadInputDataBit  stm32f4xx_gpio.o
    0x080018a0   0x00000004   Code   RO          219    i.HardFault_Handler  stm32fxxx_it.o
    0x080018a4   0x00000044   Code   RO         1039    i.MSC_BOT_Abort     usbd_msc_bot.o
    0x080018e8   0x000000d0   Code   RO         1040    i.MSC_BOT_CBW_Decode  usbd_msc_bot.o
    0x080019b8   0x0000003c   Code   RO         1041    i.MSC_BOT_CplClrFeature  usbd_msc_bot.o
    0x080019f4   0x00000050   Code   RO         1042    i.MSC_BOT_DataIn    usbd_msc_bot.o
    0x08001a44   0x00000044   Code   RO         1043    i.MSC_BOT_DataOut   usbd_msc_bot.o
    0x08001a88   0x0000000c   Code   RO         1044    i.MSC_BOT_DeInit    usbd_msc_bot.o
    0x08001a94   0x00000048   Code   RO         1045    i.MSC_BOT_Init      usbd_msc_bot.o
    0x08001adc   0x0000002c   Code   RO         1046    i.MSC_BOT_Reset     usbd_msc_bot.o
    0x08001b08   0x00000040   Code   RO         1047    i.MSC_BOT_SendCSW   usbd_msc_bot.o
    0x08001b48   0x00000048   Code   RO         1048    i.MSC_BOT_SendData  usbd_msc_bot.o
    0x08001b90   0x00000004   Code   RO          220    i.MemManage_Handler  stm32fxxx_it.o
    0x08001b94   0x00000002   Code   RO          221    i.NMI_Handler       stm32fxxx_it.o
    0x08001b96   0x00000002   PAD
    0x08001b98   0x00000078   Code   RO         2101    i.NVIC_Init         misc.o
    0x08001c10   0x00000014   Code   RO         2102    i.NVIC_PriorityGroupConfig  misc.o
    0x08001c24   0x00000010   Code   RO          222    i.OTG_HS_EP1_IN_IRQHandler  stm32fxxx_it.o
    0x08001c34   0x00000010   Code   RO          223    i.OTG_HS_EP1_OUT_IRQHandler  stm32fxxx_it.o
    0x08001c44   0x00000010   Code   RO          224    i.OTG_HS_IRQHandler  stm32fxxx_it.o
    0x08001c54   0x00000002   Code   RO          225    i.PendSV_Handler    stm32fxxx_it.o
    0x08001c56   0x00000002   PAD
    0x08001c58   0x00000020   Code   RO         4123    i.RCC_AHB1PeriphClockCmd  stm32f4xx_rcc.o
    0x08001c78   0x00000020   Code   RO         4135    i.RCC_APB2PeriphClockCmd  stm32f4xx_rcc.o
    0x08001c98   0x00000020   Code   RO         4137    i.RCC_APB2PeriphResetCmd  stm32f4xx_rcc.o
    0x08001cb8   0x000000e8   Code   RO         4144    i.RCC_GetClocksFreq  stm32f4xx_rcc.o
    0x08001da0   0x0000002c   Code   RO         1230    i.SCSI_CheckAddressRange  usbd_msc_scsi.o
    0x08001dcc   0x00000058   Code   RO         1231    i.SCSI_Inquiry      usbd_msc_scsi.o
    0x08001e24   0x00000030   Code   RO         1232    i.SCSI_ModeSense10  usbd_msc_scsi.o
    0x08001e54   0x00000030   Code   RO         1233    i.SCSI_ModeSense6   usbd_msc_scsi.o
    0x08001e84   0x000000e0   Code   RO         1234    i.SCSI_ProcessCmd   usbd_msc_scsi.o
    0x08001f64   0x000000c4   Code   RO         1235    i.SCSI_ProcessRead  usbd_msc_scsi.o
    0x08002028   0x000000d8   Code   RO         1236    i.SCSI_ProcessWrite  usbd_msc_scsi.o
    0x08002100   0x00000104   Code   RO         1237    i.SCSI_Read10       usbd_msc_scsi.o
    0x08002204   0x0000008c   Code   RO         1238    i.SCSI_ReadCapacity10  usbd_msc_scsi.o
    0x08002290   0x00000088   Code   RO         1239    i.SCSI_ReadFormatCapacity  usbd_msc_scsi.o
    0x08002318   0x00000098   Code   RO         1240    i.SCSI_RequestSense  usbd_msc_scsi.o
    0x080023b0   0x0000003c   Code   RO         1241    i.SCSI_SenseCode    usbd_msc_scsi.o
    0x080023ec   0x00000010   Code   RO         1242    i.SCSI_StartStopUnit  usbd_msc_scsi.o
    0x080023fc   0x00000050   Code   RO         1243    i.SCSI_TestUnitReady  usbd_msc_scsi.o
    0x0800244c   0x00000050   Code   RO         1244    i.SCSI_Verify10     usbd_msc_scsi.o
    0x0800249c   0x00000144   Code   RO         1245    i.SCSI_Write10      usbd_msc_scsi.o
    0x080025e0   0x0000011c   Code   RO         1886    i.SDEnWideBus       stm324xg_eval_sdio_sd.o
    0x080026fc   0x0000000c   Code   RO         2384    i.SDIO_ClearFlag    stm32f4xx_sdio.o
    0x08002708   0x0000000c   Code   RO         2385    i.SDIO_ClearITPendingBit  stm32f4xx_sdio.o
    0x08002714   0x0000000c   Code   RO         2386    i.SDIO_ClockCmd     stm32f4xx_sdio.o
    0x08002720   0x0000000c   Code   RO         2389    i.SDIO_DMACmd       stm32f4xx_sdio.o
    0x0800272c   0x00000034   Code   RO         2390    i.SDIO_DataConfig   stm32f4xx_sdio.o
    0x08002760   0x00000016   Code   RO         2392    i.SDIO_DeInit       stm32f4xx_sdio.o
    0x08002776   0x00000002   PAD
    0x08002778   0x0000000c   Code   RO         2393    i.SDIO_GetCommandResponse  stm32f4xx_sdio.o
    0x08002784   0x00000018   Code   RO         2396    i.SDIO_GetFlagStatus  stm32f4xx_sdio.o
    0x0800279c   0x00000018   Code   RO         2397    i.SDIO_GetITStatus  stm32f4xx_sdio.o
    0x080027b4   0x00000010   Code   RO         2398    i.SDIO_GetPowerState  stm32f4xx_sdio.o
    0x080027c4   0x00000018   Code   RO         2399    i.SDIO_GetResponse  stm32f4xx_sdio.o
    0x080027dc   0x00000008   Code   RO          226    i.SDIO_IRQHandler   stm32fxxx_it.o
    0x080027e4   0x00000020   Code   RO         2400    i.SDIO_ITConfig     stm32f4xx_sdio.o
    0x08002804   0x00000030   Code   RO         2401    i.SDIO_Init         stm32f4xx_sdio.o
    0x08002834   0x0000000c   Code   RO         2402    i.SDIO_ReadData     stm32f4xx_sdio.o
    0x08002840   0x0000002c   Code   RO         2404    i.SDIO_SendCommand  stm32f4xx_sdio.o
    0x0800286c   0x0000000c   Code   RO         2406    i.SDIO_SetPowerState  stm32f4xx_sdio.o
    0x08002878   0x00000020   Code   RO         1888    i.SD_Detect         stm324xg_eval_sdio_sd.o
    0x08002898   0x00000090   Code   RO         1889    i.SD_EnableWideBusOperation  stm324xg_eval_sdio_sd.o
    0x08002928   0x0000030c   Code   RO         1891    i.SD_GetCardInfo    stm324xg_eval_sdio_sd.o
    0x08002c34   0x00000026   Code   RO         1893    i.SD_GetState       stm324xg_eval_sdio_sd.o
    0x08002c5a   0x0000001e   Code   RO         1894    i.SD_GetStatus      stm324xg_eval_sdio_sd.o
    0x08002c78   0x00000084   Code   RO         1896    i.SD_Init           stm324xg_eval_sdio_sd.o
    0x08002cfc   0x0000013c   Code   RO         1897    i.SD_InitializeCards  stm324xg_eval_sdio_sd.o
    0x08002e38   0x0000008c   Code   RO         1771    i.SD_LowLevel_DMA_RxConfig  stm324xg_eval.o
    0x08002ec4   0x00000090   Code   RO         1772    i.SD_LowLevel_DMA_TxConfig  stm324xg_eval.o
    0x08002f54   0x000000c4   Code   RO         1774    i.SD_LowLevel_Init  stm324xg_eval.o
    0x08003018   0x000001a0   Code   RO         1899    i.SD_PowerON        stm324xg_eval_sdio_sd.o
    0x080031b8   0x000000ac   Code   RO         1901    i.SD_ProcessIRQSrc  stm324xg_eval_sdio_sd.o
    0x08003264   0x000000e8   Code   RO         1903    i.SD_ReadMultiBlocks  stm324xg_eval_sdio_sd.o
    0x0800334c   0x00000034   Code   RO         1904    i.SD_SelectDeselect  stm324xg_eval_sdio_sd.o
    0x08003380   0x00000054   Code   RO         1906    i.SD_SendStatus     stm324xg_eval_sdio_sd.o
    0x080033d4   0x00000034   Code   RO         1907    i.SD_StopTransfer   stm324xg_eval_sdio_sd.o
    0x08003408   0x0000007c   Code   RO         1908    i.SD_WaitReadOperation  stm324xg_eval_sdio_sd.o
    0x08003484   0x0000007c   Code   RO         1909    i.SD_WaitWriteOperation  stm324xg_eval_sdio_sd.o
    0x08003500   0x00000148   Code   RO         1911    i.SD_WriteMultiBlocks  stm324xg_eval_sdio_sd.o
    0x08003648   0x0000003c   Code   RO          473    i.STORAGE_GetCapacity  usbd_storage_msd.o
    0x08003684   0x00000004   Code   RO          474    i.STORAGE_GetMaxLun  usbd_storage_msd.o
    0x08003688   0x00000030   Code   RO          475    i.STORAGE_Init      usbd_storage_msd.o
    0x080036b8   0x00000034   Code   RO          476    i.STORAGE_IsReady   usbd_storage_msd.o
    0x080036ec   0x00000006   Code   RO          477    i.STORAGE_IsWriteProtected  usbd_storage_msd.o
    0x080036f2   0x00000036   Code   RO          478    i.STORAGE_Read      usbd_storage_msd.o
    0x08003728   0x00000036   Code   RO          479    i.STORAGE_Write     usbd_storage_msd.o
    0x0800375e   0x00000002   Code   RO          227    i.SVC_Handler       stm32fxxx_it.o
    0x08003760   0x000000ec   Code   RO          317    i.SetSysClock       system_stm32f4xx.o
    0x0800384c   0x00000028   Code   RO         2105    i.SysTick_CLKSourceConfig  misc.o
    0x08003874   0x00000002   Code   RO          228    i.SysTick_Handler   stm32fxxx_it.o
    0x08003876   0x00000002   PAD
    0x08003878   0x00000068   Code   RO          319    i.SystemInit        system_stm32f4xx.o
    0x080038e0   0x00000088   Code   RO          652    i.USART1_IRQHandler  usart.o
    0x08003968   0x00000018   Code   RO         2585    i.USART_Cmd         stm32f4xx_usart.o
    0x08003980   0x00000054   Code   RO         2589    i.USART_GetITStatus  stm32f4xx_usart.o
    0x080039d4   0x0000004a   Code   RO         2591    i.USART_ITConfig    stm32f4xx_usart.o
    0x08003a1e   0x00000002   PAD
    0x08003a20   0x000000d4   Code   RO         2592    i.USART_Init        stm32f4xx_usart.o
    0x08003af4   0x0000000a   Code   RO         2599    i.USART_ReceiveData  stm32f4xx_usart.o
    0x08003afe   0x00000016   Code   RO          778    i.USBD_ClrCfg       usbd_core.o
    0x08003b14   0x00000048   Code   RO          936    i.USBD_ClrFeature   usbd_req.o
    0x08003b5c   0x0000001e   Code   RO          876    i.USBD_CtlContinueRx  usbd_ioreq.o
    0x08003b7a   0x0000001e   Code   RO          877    i.USBD_CtlContinueSendData  usbd_ioreq.o
    0x08003b98   0x0000001e   Code   RO          937    i.USBD_CtlError     usbd_req.o
    0x08003bb6   0x00000024   Code   RO          879    i.USBD_CtlReceiveStatus  usbd_ioreq.o
    0x08003bda   0x0000002e   Code   RO          880    i.USBD_CtlSendData  usbd_ioreq.o
    0x08003c08   0x00000024   Code   RO          881    i.USBD_CtlSendStatus  usbd_ioreq.o
    0x08003c2c   0x000000d0   Code   RO          779    i.USBD_DataInStage  usbd_core.o
    0x08003cfc   0x00000096   Code   RO          780    i.USBD_DataOutStage  usbd_core.o
    0x08003d92   0x00000006   Code   RO          781    i.USBD_DeInit       usbd_core.o
    0x08003d98   0x00000054   Code   RO          938    i.USBD_GetConfig    usbd_req.o
    0x08003dec   0x00000188   Code   RO          939    i.USBD_GetDescriptor  usbd_req.o
    0x08003f74   0x00000014   Code   RO          940    i.USBD_GetLen       usbd_req.o
    0x08003f88   0x00000014   Code   RO          882    i.USBD_GetRxCount   usbd_ioreq.o
    0x08003f9c   0x00000050   Code   RO          941    i.USBD_GetStatus    usbd_req.o
    0x08003fec   0x00000052   Code   RO          942    i.USBD_GetString    usbd_req.o
    0x0800403e   0x00000002   PAD
    0x08004040   0x00000060   Code   RO         1130    i.USBD_HID_SendReport  usbd_msc_core.o
    0x080040a0   0x00000042   Code   RO          782    i.USBD_Init         usbd_core.o
    0x080040e2   0x00000012   Code   RO          783    i.USBD_IsoINIncomplete  usbd_core.o
    0x080040f4   0x00000012   Code   RO          784    i.USBD_IsoOUTIncomplete  usbd_core.o
    0x08004106   0x00000002   PAD
    0x08004108   0x0000003c   Code   RO         1131    i.USBD_MSC_DataIn   usbd_msc_core.o
    0x08004144   0x00000084   Code   RO         1132    i.USBD_MSC_DataOut  usbd_msc_core.o
    0x080041c8   0x00000030   Code   RO         1133    i.USBD_MSC_DeInit   usbd_msc_core.o
    0x080041f8   0x00000010   Code   RO         1134    i.USBD_MSC_GetCfgDesc  usbd_msc_core.o
    0x08004208   0x00000010   Code   RO         1135    i.USBD_MSC_GetOtherCfgDesc  usbd_msc_core.o
    0x08004218   0x00000048   Code   RO         1136    i.USBD_MSC_Init     usbd_msc_core.o
    0x08004260   0x000001ac   Code   RO         1137    i.USBD_MSC_Setup    usbd_msc_core.o
    0x0800440c   0x000000ec   Code   RO         1683    i.USBD_OTG_EP1IN_ISR_Handler  usb_dcd_int.o
    0x080044f8   0x00000080   Code   RO         1684    i.USBD_OTG_EP1OUT_ISR_Handler  usb_dcd_int.o
    0x08004578   0x000000e0   Code   RO         1685    i.USBD_OTG_ISR_Handler  usb_dcd_int.o
    0x08004658   0x00000048   Code   RO          943    i.USBD_ParseSetupRequest  usbd_req.o
    0x080046a0   0x00000032   Code   RO          785    i.USBD_Reset        usbd_core.o
    0x080046d2   0x0000001e   Code   RO          786    i.USBD_Resume       usbd_core.o
    0x080046f0   0x00000014   Code   RO          787    i.USBD_RunTestMode  usbd_core.o
    0x08004704   0x0000001a   Code   RO          788    i.USBD_SOF          usbd_core.o
    0x0800471e   0x0000005c   Code   RO          944    i.USBD_SetAddress   usbd_req.o
    0x0800477a   0x0000001e   Code   RO          789    i.USBD_SetCfg       usbd_core.o
    0x08004798   0x000000d0   Code   RO          945    i.USBD_SetConfig    usbd_req.o
    0x08004868   0x000000a4   Code   RO          946    i.USBD_SetFeature   usbd_req.o
    0x0800490c   0x00000054   Code   RO          790    i.USBD_SetupStage   usbd_core.o
    0x08004960   0x00000072   Code   RO          947    i.USBD_StdDevReq    usbd_req.o
    0x080049d2   0x00000002   PAD
    0x080049d4   0x0000015c   Code   RO          948    i.USBD_StdEPReq     usbd_req.o
    0x08004b30   0x0000004c   Code   RO          949    i.USBD_StdItfReq    usbd_req.o
    0x08004b7c   0x00000020   Code   RO          791    i.USBD_Suspend      usbd_core.o
    0x08004b9c   0x00000034   Code   RO          403    i.USBD_USR_ConfigStrDescriptor  usbd_desc.o
    0x08004bd0   0x00000002   Code   RO          541    i.USBD_USR_DeviceConfigured  usbd_usr.o
    0x08004bd2   0x00000002   Code   RO          542    i.USBD_USR_DeviceConnected  usbd_usr.o
    0x08004bd4   0x00000010   Code   RO          404    i.USBD_USR_DeviceDescriptor  usbd_desc.o
    0x08004be4   0x0000002c   Code   RO          543    i.USBD_USR_DeviceDisconnected  usbd_usr.o
    0x08004c10   0x00000002   Code   RO          544    i.USBD_USR_DeviceReset  usbd_usr.o
    0x08004c12   0x00000002   Code   RO          545    i.USBD_USR_DeviceResumed  usbd_usr.o
    0x08004c14   0x00000002   Code   RO          546    i.USBD_USR_DeviceSuspended  usbd_usr.o
    0x08004c16   0x00000002   Code   RO          547    i.USBD_USR_Init     usbd_usr.o
    0x08004c18   0x00000038   Code   RO          405    i.USBD_USR_InterfaceStrDescriptor  usbd_desc.o
    0x08004c50   0x00000010   Code   RO          406    i.USBD_USR_LangIDStrDescriptor  usbd_desc.o
    0x08004c60   0x0000003c   Code   RO          407    i.USBD_USR_ManufacturerStrDescriptor  usbd_desc.o
    0x08004c9c   0x00000048   Code   RO          408    i.USBD_USR_ProductStrDescriptor  usbd_desc.o
    0x08004ce4   0x00000048   Code   RO          409    i.USBD_USR_SerialStrDescriptor  usbd_desc.o
    0x08004d2c   0x00000074   Code   RO          358    i.USB_OTG_BSP_EnableInterrupt  usb_bsp.o
    0x08004da0   0x00000144   Code   RO          359    i.USB_OTG_BSP_Init  usb_bsp.o
    0x08004ee4   0x00000012   Code   RO          360    i.USB_OTG_BSP_mDelay  usb_bsp.o
    0x08004ef6   0x00000016   Code   RO          361    i.USB_OTG_BSP_uDelay  usb_bsp.o
    0x08004f0c   0x00000126   Code   RO         1344    i.USB_OTG_CoreInit  usb_core.o
    0x08005032   0x00000256   Code   RO         1345    i.USB_OTG_CoreInitDev  usb_core.o
    0x08005288   0x00000070   Code   RO         1346    i.USB_OTG_CoreReset  usb_core.o
    0x080052f8   0x00000022   Code   RO         1347    i.USB_OTG_DisableGlobalInt  usb_core.o
    0x0800531a   0x0000006a   Code   RO         1348    i.USB_OTG_EP0Activate  usb_core.o
    0x08005384   0x00000156   Code   RO         1349    i.USB_OTG_EP0StartXfer  usb_core.o
    0x080054da   0x00000062   Code   RO         1350    i.USB_OTG_EP0_OutStart  usb_core.o
    0x0800553c   0x000000b0   Code   RO         1351    i.USB_OTG_EPActivate  usb_core.o
    0x080055ec   0x00000050   Code   RO         1352    i.USB_OTG_EPClearStall  usb_core.o
    0x0800563c   0x00000076   Code   RO         1353    i.USB_OTG_EPDeactivate  usb_core.o
    0x080056b2   0x00000064   Code   RO         1354    i.USB_OTG_EPSetStall  usb_core.o
    0x08005716   0x000001f6   Code   RO         1355    i.USB_OTG_EPStartXfer  usb_core.o
    0x0800590c   0x00000034   Code   RO         1356    i.USB_OTG_EnableCommonInt  usb_core.o
    0x08005940   0x0000009a   Code   RO         1357    i.USB_OTG_EnableDevInt  usb_core.o
    0x080059da   0x00000022   Code   RO         1358    i.USB_OTG_EnableGlobalInt  usb_core.o
    0x080059fc   0x0000004c   Code   RO         1359    i.USB_OTG_FlushRxFifo  usb_core.o
    0x08005a48   0x00000054   Code   RO         1360    i.USB_OTG_FlushTxFifo  usb_core.o
    0x08005a9c   0x00000034   Code   RO         1361    i.USB_OTG_GetDeviceSpeed  usb_core.o
    0x08005ad0   0x0000000c   Code   RO         1363    i.USB_OTG_GetMode   usb_core.o
    0x08005adc   0x00000018   Code   RO         1364    i.USB_OTG_InitDevSpeed  usb_core.o
    0x08005af4   0x00000016   Code   RO         1365    i.USB_OTG_IsDeviceMode  usb_core.o
    0x08005b0a   0x00000010   Code   RO         1367    i.USB_OTG_ReadCoreItr  usb_core.o
    0x08005b1a   0x00000010   Code   RO         1368    i.USB_OTG_ReadDevAllInEPItr  usb_core.o
    0x08005b2a   0x00000010   Code   RO         1369    i.USB_OTG_ReadDevAllOutEp_itr  usb_core.o
    0x08005b3a   0x00000014   Code   RO         1370    i.USB_OTG_ReadDevOutEP_itr  usb_core.o
    0x08005b4e   0x00000028   Code   RO         1372    i.USB_OTG_ReadPacket  usb_core.o
    0x08005b76   0x00000002   PAD
    0x08005b78   0x000000d4   Code   RO         1373    i.USB_OTG_SelectCore  usb_core.o
    0x08005c4c   0x0000004e   Code   RO         1374    i.USB_OTG_SetCurrentMode  usb_core.o
    0x08005c9a   0x00000040   Code   RO         1378    i.USB_OTG_WritePacket  usb_core.o
    0x08005cda   0x00000004   Code   RO          229    i.UsageFault_Handler  stm32fxxx_it.o
    0x08005cde   0x0000000e   Code   RO         4820    i._is_digit         c_w.l(__printf_wp.o)
    0x08005cec   0x00000004   Code   RO          653    i._sys_exit         usart.o
    0x08005cf0   0x0000003c   Code   RO          608    i.delay_init        delay.o
    0x08005d2c   0x00000038   Code   RO          609    i.delay_ms          delay.o
    0x08005d64   0x0000004c   Code   RO          611    i.delay_xms         delay.o
    0x08005db0   0x0000001c   Code   RO          654    i.fputc             usart.o
    0x08005dcc   0x000003b8   Code   RO          744    i.keyboard_send_char  keyboard_fun.o
    0x08006184   0x0000009c   Code   RO            5    i.main              app.o
    0x08006220   0x000000ac   Code   RO          655    i.uart_init         usart.o
    0x080062cc   0x0000000a   Code   RO         4960    x$fpl$fpinit        fz_wm.l(fpinit.o)
    0x080062d6   0x00000024   Data   RO          480    .constdata          usbd_storage_msd.o
    0x080062fa   0x00000017   Data   RO         1206    .constdata          usbd_msc_data.o
    0x08006311   0x00000028   Data   RO         4793    .constdata          c_w.l(_printf_hex_int.o)
    0x08006339   0x00000011   Data   RO         4823    .constdata          c_w.l(__printf_flags_wp.o)
    0x0800634a   0x00000002   PAD
    0x0800634c   0x00000020   Data   RO         5013    Region$$Table       anon$$obj.o


    Execution Region RW_IRAM1 (Base: 0x20000000, Size: 0x000040b0, Max: 0x00020000, ABSOLUTE, COMPRESSED[0x00000134])

    Base Addr    Size         Type   Attr      Idx    E Section Name        Object

    0x20000000   0x00000001   Data   RW            8    .data               app.o
    0x20000001   0x00000003   PAD
    0x20000004   0x00000040   Data   RW          410    .data               usbd_desc.o
    0x20000044   0x00000029   Data   RW          481    .data               usbd_storage_msd.o
    0x2000006d   0x00000003   PAD
    0x20000070   0x0000001c   Data   RW          548    .data               usbd_usr.o
    0x2000008c   0x00000004   Data   RW          612    .data               delay.o
    0x20000090   0x00000006   Data   RW          657    .data               usart.o
    0x20000096   0x00000002   PAD
    0x20000098   0x00000008   Data   RW          745    .data               keyboard_fun.o
    0x200000a0   0x00000034   Data   RW          792    .data               usbd_core.o
    0x200000d4   0x0000000d   Data   RW          951    .data               usbd_req.o
    0x200000e1   0x00000001   PAD
    0x200000e2   0x00000004   Data   RW         1050    .data               usbd_msc_bot.o
    0x200000e6   0x00000002   PAD
    0x200000e8   0x000000fd   Data   RW         1138    .data               usbd_msc_core.o
    0x200001e5   0x00000003   PAD
    0x200001e8   0x00000020   Data   RW         1247    .data               usbd_msc_scsi.o
    0x20000208   0x00000018   Data   RW         1914    .data               stm324xg_eval_sdio_sd.o
    0x20000220   0x00000010   Data   RW         4167    .data               stm32f4xx_rcc.o
    0x20000230   0x000005f4   Zero   RW            6    .bss                app.o
    0x20000824   0x000000c8   Zero   RW          656    .bss                usart.o
    0x200008ec   0x00000040   Zero   RW          950    .bss                usbd_req.o
    0x2000092c   0x00003030   Zero   RW         1049    .bss                usbd_msc_bot.o
    0x2000395c   0x00000020   Zero   RW         1246    .bss                usbd_msc_scsi.o
    0x2000397c   0x00000004   PAD
    0x20003980   0x000000cc   Zero   RW         1913    .bss                stm324xg_eval_sdio_sd.o
    0x20003a4c   0x00000060   Zero   RW         4892    .bss                c_w.l(libspace.o)
    0x20003aac   0x00000004   PAD
    0x20003ab0   0x00000200   Zero   RW          769    HEAP                startup_stm32f4xx.o
    0x20003cb0   0x00000400   Zero   RW          768    STACK               startup_stm32f4xx.o


==============================================================================

Image component sizes


      Code (inc. data)   RO Data    RW Data    ZI Data      Debug   Object Name

       156         62          0          1       1524     291976   app.o
       192         12          0          4          0       1820   delay.o
       952         16          0          8          0       1895   keyboard_fun.o
       180         24          0          0          0       2297   misc.o
        64         26        392          0       1536        916   startup_stm32f4xx.o
       480         30          0          0          0       2833   stm324xg_eval.o
      4460        272          0         24        204      22279   stm324xg_eval_sdio_sd.o
       586         40          0          0          0       5260   stm32f4xx_dma.o
       232          0          0          0          0       2571   stm32f4xx_gpio.o
       328         36          0         16          0       4591   stm32f4xx_rcc.o
       370         80          0          0          0      11218   stm32f4xx_sdio.o
       404          8          0          0          0       4478   stm32f4xx_usart.o
        82         18          0          0          0       6067   stm32fxxx_it.o
       340         32          0          0          0       1517   system_stm32f4xx.o
       340         28          0          6        200       4044   usart.o
       480         14          0          0          0       2719   usb_bsp.o
      3532         18          0          0          0      21508   usb_core.o
       702          0          0          0          0       6571   usb_dcd.o
      2304         58          0          0          0      11130   usb_dcd_int.o
       760          6          0         52          0      10596   usbd_core.o
       344        164          0         64          0       5548   usbd_desc.o
       198          0          0          0          0       4442   usbd_ioreq.o
       748        124          0          4      12336       8465   usbd_msc_bot.o
       868        140          0        253          0       7072   usbd_msc_core.o
         0          0         23          0          0        813   usbd_msc_data.o
      2112        280          0         32         32      14874   usbd_msc_scsi.o
      1834         60          0         13         64      10723   usbd_req.o
       278         12         36         41          0       6021   usbd_storage_msd.o
        56         34          0         28          0       3497   usbd_usr.o

    ----------------------------------------------------------------------
     23406       1594        483        560      15900     477741   Object Totals
         0          0         32          0          0          0   (incl. Generated)
        24          0          0         14          4          0   (incl. Padding)

    ----------------------------------------------------------------------

      Code (inc. data)   RO Data    RW Data    ZI Data      Debug   Library Member Name

        90          0          0          0          0          0   __dczerorl2.o
         8          0          0          0          0         68   __main.o
       312          4         17          0          0         92   __printf_flags_wp.o
        14          0          0          0          0         68   __printf_wp.o
         0          0          0          0          0          0   __rtentry.o
        12          0          0          0          0          0   __rtentry2.o
         6          0          0          0          0          0   __rtentry4.o
        52          8          0          0          0          0   __scatter.o
        28          0          0          0          0          0   __scatter_zi.o
        48          6          0          0          0         96   _printf_char_common.o
        36          4          0          0          0         80   _printf_char_file.o
         6          0          0          0          0          0   _printf_d.o
       120         16          0          0          0         92   _printf_dec.o
        88          4         40          0          0         88   _printf_hex_int.o
       178          0          0          0          0         88   _printf_intcommon.o
        78          0          0          0          0        108   _printf_pad.o
         0          0          0          0          0          0   _printf_percent.o
         4          0          0          0          0          0   _printf_percent_end.o
         6          0          0          0          0          0   _printf_x.o
        12          0          0          0          0         72   exit.o
         8          0          0          0          0         68   ferror.o
         6          0          0          0          0        152   heapauxi.o
         2          0          0          0          0          0   libinit.o
         6          0          0          0          0          0   libinit2.o
         2          0          0          0          0          0   libshutdown.o
         2          0          0          0          0          0   libshutdown2.o
         8          4          0          0         96         68   libspace.o
       238          0          0          0          0        100   lludivv7m.o
        24          4          0          0          0         84   noretval__2printf.o
         2          0          0          0          0          0   rtexit.o
        10          0          0          0          0          0   rtexit2.o
        74          0          0          0          0         80   sys_stackheap_outer.o
         2          0          0          0          0         68   use_no_semi.o
         2          0          0          0          0         68   use_no_semi_2.o
        10          0          0          0          0        116   fpinit.o

    ----------------------------------------------------------------------
      1504         50         59          0        100       1656   Library Totals
        10          0          2          0          4          0   (incl. Padding)

    ----------------------------------------------------------------------

      Code (inc. data)   RO Data    RW Data    ZI Data      Debug   Library Name

      1484         50         57          0         96       1540   c_w.l
        10          0          0          0          0        116   fz_wm.l

    ----------------------------------------------------------------------
      1504         50         59          0        100       1656   Library Totals

    ----------------------------------------------------------------------

==============================================================================


      Code (inc. data)   RO Data    RW Data    ZI Data      Debug   

     24910       1644        542        560      16000     455969   Grand Totals
     24910       1644        542        308      16000     455969   ELF Image Totals (compressed)
     24910       1644        542        308          0          0   ROM Totals

==============================================================================

    Total RO  Size (Code + RO Data)                25452 (  24.86kB)
    Total RW  Size (RW Data + ZI Data)             16560 (  16.17kB)
    Total ROM Size (Code + RO Data + RW Data)      25760 (  25.16kB)

==============================================================================

