<html>
<body>
<pre>
<h1>µVision Build Log</h1>
<h2>Tool Versions:</h2>
IDE-Version: ¦ÌVision V5.14.0.0
Copyright (C) 2015 ARM Ltd and ARM Germany GmbH. All rights reserved.
License Information: 1 1, 1, LIC=8VRJ7-EHM20-II05V-P33QG-45UI8-WHTF3
 
Tool Versions:
Toolchain:       MDK-ARM Standard  Version: 5.14.0.0
Toolchain Path:  C:\Keil_v5\ARM\ARMCC\Bin
C Compiler:      Armcc.exe V5.05 update 1 (build 106)
Assembler:       Armasm.exe V5.05 update 1 (build 106)
Linker/Locator:  ArmLink.exe V5.05 update 1 (build 106)
Library Manager: ArmAr.exe V5.05 update 1 (build 106)
Hex Converter:   FromElf.exe V5.05 update 1 (build 106)
CPU DLL:         SARMCM3.DLL V5.14.0.0
Dialog DLL:      DCM.DLL V1.13.1.0
Target DLL:      Segger\JL2CM3.dll V2.99.13.0
Dialog DLL:      TCM.DLL V1.14.4.0
 
<h2>Project:</h2>
D:\workspace\STM32\usb_implant2.0\MDK\usb_implant2.0.uvprojx
Project File Date:  09/02/2018

<h2>Output:</h2>
Rebuild target 'MAIN'
compiling app.c...
..\APP\src\app.c(57): warning:  #177-D: variable "fdst" was declared but never referenced
        FIL fsrc, fdst;      // file objects
..\APP\src\app.c(58): warning:  #177-D: variable "bw" was declared but never referenced
        UINT br, bw;         // File R/W count  
..\APP\src\app.c(136): warning:  #128-D: loop is not reachable
    while(1);
..\APP\src\app.c(93): warning:  #177-D: variable "fs" was declared but never referenced
   FATFS fs;
..\APP\src\app.c(94): warning:  #177-D: variable "ret" was declared but never referenced
  int ret;
..\APP\src\app.c: 5 warnings, 0 errors
compiling stm32fxxx_it.c...
compiling system_stm32f4xx.c...
compiling usb_bsp.c...
compiling usbd_desc.c...
compiling usbd_storage_msd.c...
compiling usbd_usr.c...
compiling delay.c...
compiling usart.c...
compiling led.c...
compiling keyboard_fun.c...
assembling startup_stm32f4xx.s...
compiling usbd_core.c...
compiling usbd_ioreq.c...
compiling usbd_req.c...
compiling usbd_msc_bot.c...
compiling usbd_msc_core.c...
..\Library\STM32_USB_Device_Library\Class\msc\src\usbd_msc_core.c(687): warning:  #223-D: function "printf" declared implicitly
                printf("I --- %d\r\n", epnum);
..\Library\STM32_USB_Device_Library\Class\msc\src\usbd_msc_core.c(709): warning:  #223-D: function "printf" declared implicitly
                printf("O --- %d\r\n", epnum);
..\Library\STM32_USB_Device_Library\Class\msc\src\usbd_msc_core.c(715): warning:  #223-D: function "printf" declared implicitly
                 printf("HID receive : \r\n");
..\Library\STM32_USB_Device_Library\Class\msc\src\usbd_msc_core.c(768): warning:  #223-D: function "printf" declared implicitly
     printf("HID_SendReport \r\n");
..\Library\STM32_USB_Device_Library\Class\msc\src\usbd_msc_core.c: 4 warnings, 0 errors
compiling usbd_msc_data.c...
compiling usbd_msc_scsi.c...
compiling usb_core.c...
compiling usb_dcd.c...
compiling usb_dcd_int.c...
compiling stm324xg_eval.c...
compiling stm324xg_eval_sdio_sd.c...
compiling misc.c...
compiling stm32f4xx_dma.c...
compiling stm32f4xx_gpio.c...
compiling stm32f4xx_sdio.c...
compiling stm32f4xx_usart.c...
compiling stm32f4xx_exti.c...
compiling stm32f4xx_i2c.c...
compiling stm32f4xx_pwr.c...
compiling stm32f4xx_rtc.c...
compiling stm32f4xx_syscfg.c...
compiling stm32f4xx_tim.c...
compiling stm32f4xx_rcc.c...
compiling diskio.c...
..\Library\FATFS\diskio.c(26): warning:  #177-D: variable "Status" was declared but never referenced
      SD_Error Status;
..\Library\FATFS\diskio.c: 1 warning, 0 errors
compiling ff.c...
compiling cc936.c...
linking...
Program Size: Code=24910 RO-data=542 RW-data=560 ZI-data=16000  
FromELF: creating hex file...
".\Objects\usb_implant2.0" - 0 Error(s), 10 Warning(s).

<h2>Software Packages used:</h2>

Package Vendor: ARM
                http://www.keil.com/pack/ARM.CMSIS.4.2.0.pack
                ARM::CMSIS:CORE:3.40.0
                CMSIS (Cortex Microcontroller Software Interface Standard)
   * Component: CORE Version: 3.40.0

<h2>Collection of Component include folders:</h2>
  D:\workspace\STM32\usb_implant2.0\MDK\RTE
  C:\Keil_v5\ARM\PACK\ARM\CMSIS\4.2.0\CMSIS\Include
  C:\Keil_v5\ARM\PACK\Keil\STM32F4xx_DFP\1.0.8\Device\Include

<h2>Collection of Component Files used:</h2>

   * Component: ARM::CMSIS:CORE:3.40.0
      Source file:   CMSIS\UserCodeTemplates\ARM\ITM_Retarget.c
</pre>
</body>
</html>
